[www.bodhispa.com/index.html]
[backblue.gif]
[fade.gif]
[index.html]
[www.bodhispa.com/wp-content/themes/bodhi/dist/css/frontend9b2d.css]
[www.bodhispa.com/wp-content/plugins/svg-support/vendor/DOMPurify/DOMPurify.minf269.js]
[www.bodhispa.com/wp-includes/js/jquery/jquery.mina7a0.js]
[www.bodhispa.com/wp-includes/js/jquery/jquery-migrate.mind617.js]
[www.bodhispa.com/wp-content/plugins/svg-support/js/min/svgs-inline-minf269.js]
[www.bodhispa.com/wp-content/themes/bodhi/dist/js/vendor/gsap-core9b2d.js]
[www.bodhispa.com/wp-content/themes/bodhi/dist/js/vendor/gsap-scroll9b2d.js]
[www.bodhispa.com/wp-content/themes/bodhi/dist/js/vendor/gsap-inertia9b2d.js]
[www.bodhispa.com/wp-json/wp/v2/pages/98.json]
[www.bodhispa.com/wp-json/index.html]
[www.bodhispa.com/xmlrpc0db0.php]
[www.bodhispa.com/wp-includes/wlwmanifest.xml]
[www.bodhispa.com/wp-json/oembed/1.0/embed65f9.json]
[www.bodhispa.com/wp-json/oembed/1.0/embede3cc]
[www.bodhispa.com/wp-content/uploads/2021/04/bodhi-100x100.png]
[www.bodhispa.com/wp-content/uploads/2021/04/bodhi.png]
[www.bodhispa.com/wp-content/uploads/2021/06/BodhiSpas_Injidup_TreatmentRooms-8-e1622708219306-1024x579.jpg]
[www.bodhispa.com/wp-content/themes/bodhi/src/video/backdrop_home.webm]
[www.bodhispa.com/journal/index.html]
[www.bodhispa.com/our-story/index.html]
[www.bodhispa.com/contact/index.html]
[www.bodhispa.com/wp-content/uploads/2021/01/BodhiSpa_Samples-7-scaled.jpg]
[www.bodhispa.com/appointments/index.html]
[www.bodhispa.com/cart/index.html]
[www.bodhispa.com/wp-content/uploads/2021/02/Bodhi_Cottesloe_01-683x1024.jpg]
[www.bodhispa.com/wp-content/uploads/2021/02/Bodhi_Cottesloe_04-686x1024.jpg]
[www.bodhispa.com/wp-content/uploads/2021/02/Bodhi_Cottesloe_05-687x1024.jpg]
[www.bodhispa.com/wp-content/uploads/2021/02/Bodhi_Cottesloe_23-scaled-e1617193058692-893x1024.jpg]
[www.bodhispa.com/wp-content/uploads/2021/01/Bodhi_Cottesloe_09-683x1024.jpg]
[www.bodhispa.com/wp-content/uploads/2021/02/Bodhi_Cottesloe_14-1-1024x683.jpg]
[www.bodhispa.com/wp-content/uploads/2022/09/Untitled-design-1024x1024.png]
[www.bodhispa.com/wp-content/uploads/2021/01/waves_2-scaled.jpg]
[www.bodhispa.com/product/bodhi-qi-facial-therapy/index.html]
[www.bodhispa.com/wp-content/uploads/2021/01/Bodhi_WestPerth_22-e1652929617614-1024x778.jpg]
[www.bodhispa.com/wp-content/uploads/2021/04/3-1-150x150.png]
[www.bodhispa.com/wp-content/uploads/2021/04/5-1-150x150.png]
[www.bodhispa.com/wp-content/uploads/2021/04/6-150x150.png]
[www.bodhispa.com/product/lymphatic-drainage-massage-2/index.html]
[www.bodhispa.com/wp-content/uploads/2022/09/PI_ASCL100_AUS_After_Sun_100ml_07_22_Front-300x300.jpg]
[www.bodhispa.com/wp-content/uploads/2022/09/Product_Image_AUS_Baby_Mineral_SPF_75mL_06_22_Front-300x300.jpg]
[www.bodhispa.com/wp-content/uploads/2021/03/Bodhi_Cottesloe_19-200x300.jpg]
[www.bodhispa.com/product/after-sun-cooling-lotion-100ml/index.html]
[www.bodhispa.com/product/baby-mineral-sunscreen-spf-50-75g/index.html]
[www.bodhispa.com/wp-content/uploads/2021/01/bodhi_99-195x300.jpg]
[www.bodhispa.com/wp-content/uploads/2021/06/shutterstock_1201726624-300x169.jpg]
[www.bodhispa.com/wp-content/uploads/2021/04/Bodhi_WestPerth_24-200x300.jpg]
[www.bodhispa.com/wp-content/uploads/2021/03/Bodhi_Cottesloe_13_v2-scaled-e1623297428626-300x207.jpg]
[www.bodhispa.com/product/infra-red-sauna-2/index.html]
[www.bodhispa.com/wp-content/uploads/2021/03/Bodhi_Cottesloe_21-1-scaled-e1616985926151-282x300.jpg]
[www.bodhispa.com/wp-content/uploads/2021/04/BodhiSpas_Injidup_SpaTreatments-Jordan-1-300x200.jpg]
[www.bodhispa.com/product/bodhi-reiki/index.html]
[www.bodhispa.com/product/lightstim-led-therapy-facial/index.html]
[www.bodhispa.com/wp-content/plugins/instagram-feed/img/placeholder.png]
[www.bodhispa.com/product/back-massage-add-on-treatment/index.html]
[www.bodhispa.com/wp-content/themes/bodhi/dist/img/popup_header.png]
[www.bodhispa.com/product/ledlighttherapy/index.html]
[www.bodhispa.com/product/instant-glow-facial-add-on-treatment/index.html]
[www.bodhispa.com/product/scalp-massage-hair-treatment-add-on-treatment/index.html]
[www.bodhispa.com/wp-content/themes/bodhi/dist/js/frontend/frontend.esm.js]
[www.bodhispa.com/wp-content/themes/bodhi/dist/js/frontend.js]
[unpkg.com/ionicons@5.2.3/dist/ionicons/ionicons.esm.js]
[unpkg.com/ionicons@5.2.3/dist/ionicons/ionicons.js]
[www.bodhispa.com/wp-content/plugins/instagram-feed/css/sbi-styles.min9b2d.css]
[www.bodhispa.com/account/index.html]
[www.bodhispa.com/wp-content/plugins/gravityforms/assets/css/dist/basic.min91ac.css]
[www.bodhispa.com/location/cottesloe/index.html]
[www.bodhispa.com/location/qantas-wellbeing-studio/index.html]
[www.bodhispa.com/wp-content/plugins/woocommerce/assets/js/jquery-blockui/jquery.blockUI.min44fd.js]
[www.bodhispa.com/location/highgate/index.html]
[www.bodhispa.com/location/wembley/index.html]
[www.bodhispa.com/location/westin/index.html]
[www.bodhispa.com/wp-content/plugins/woocommerce/assets/js/frontend/add-to-cart.min3c21.js]
[www.bodhispa.com/terms-conditions/index.html]
[www.bodhispa.com/wp-content/plugins/woocommerce/assets/js/js-cookie/js.cookie.min6b25.js]
[www.bodhispa.com/privacy-policy/index.html]
[www.bodhispa.com/wp-content/plugins/woocommerce/assets/js/frontend/woocommerce.min3c21.js]
[www.bodhispa.com/wp-content/plugins/woocommerce/assets/js/frontend/cart-fragments.min3c21.js]
[cdn.jsdelivr.net/npm/modaal@0.4.4/dist/js/modaal.min3390.js]
[js.afterpay.com/afterpay-1.x6b00.js]
[www.bodhispa.com/wp-content/plugins/instagram-feed/js/sbi-scripts.min9b2d.js]
[www.bodhispa.com/wp-includes/js/dist/vendor/regenerator-runtime.min3937.js]
[www.bodhispa.com/wp-includes/js/dist/vendor/wp-polyfill.min2c7c.js]
[www.bodhispa.com/wp-includes/js/dist/dom-ready.minded6.js]
[www.bodhispa.com/wp-includes/js/dist/hooks.min6c65.js]
[www.bodhispa.com/wp-includes/js/dist/i18n.mine57b.js]
[www.bodhispa.com/wp-includes/js/dist/a11y.min65c7.js]
[www.bodhispa.com/wp-content/plugins/gravityforms/js/jquery.json.min91ac.js]
[www.bodhispa.com/wp-content/plugins/gravityforms/js/gravityforms.min91ac.js]
[www.google.com/recaptcha/api6e31.js]
[www.bodhispa.com/index.html]
[www.bodhispa.com/wp-includes/css/classic-themes.min68b3.css]
[www.bodhispa.com/wp-content/plugins/gravityforms/js/placeholders.jquery.min91ac.js]
[www.bodhispa.com/wp-content/themes/bodhi/dist/fonts/OrpheusPro-Regular.otf]
[www.bodhispa.com/wp-content/themes/bodhi/dist/fonts/OrpheusPro-Regular.ttf]
[www.bodhispa.com/wp-content/themes/bodhi/dist/fonts/OrpheusPro-Italic.woff]
[www.bodhispa.com/wp-content/themes/bodhi/dist/fonts/OrpheusPro-Italic.otf]
[www.bodhispa.com/wp-content/themes/bodhi/dist/fonts/OrpheusPro-Italic.ttf]
[www.bodhispa.com/wp-content/themes/bodhi/dist/fonts/OrpheusPro-Medium.woff]
[www.bodhispa.com/wp-content/themes/bodhi/dist/fonts/OrpheusPro-Medium.otf]
[www.bodhispa.com/wp-content/themes/bodhi/dist/fonts/OrpheusPro-Medium.ttf]
[www.bodhispa.com/wp-content/themes/bodhi/dist/fonts/OrpheusPro-Bold.woff]
[www.bodhispa.com/wp-content/themes/bodhi/dist/fonts/OrpheusPro-Bold.otf]
[www.bodhispa.com/wp-content/themes/bodhi/dist/fonts/OrpheusPro-Bold.ttf]
[www.bodhispa.com/wp-content/themes/bodhi/dist/css/frontend9b2d.css]
[www.googletagmanager.com/gtm5445.html]
[www.bodhispa.com/product-category/treatments/index.html]
[www.bodhispa.com/wp-json/wp/v2/pages/74.json]
[www.bodhispa.com/product-category/treatments/facials/index.html]
[www.bodhispa.com/wp-json/oembed/1.0/embed7979.json]
[www.bodhispa.com/wp-json/oembed/1.0/embed687b]
[www.bodhispa.com/wp-content/uploads/2021/01/BodhiSpas_Injidup_SpaTreatments-Katie-1.jpg]
[www.bodhispa.com/wp-content/uploads/2021/03/Bodhi_Cottesloe_01-683x1024.jpg]
[www.bodhispa.com/wp-content/uploads/2021/06/BODHI_30_Music230a.mp4]
[www.bodhispa.com/wp-content/uploads/2021/06/BODHI_30_Music.mp4]
[www.bodhispa.com/wp-content/uploads/2021/01/BodhiSpas_Injidup_Hallway-9-1-scaled-e1622633683667-986x1024.jpg]
[www.bodhispa.com/wp-content/uploads/2021/03/Bodhi_Cottesloe_17-683x1024.jpg]
[www.bodhispa.com/wp-content/uploads/2021/03/pexels-alice-castro-3848486-scaled.jpg]
[www.bodhispa.com/wp-content/uploads/2021/01/bodhi_14-1024x683.jpg]
[www.bodhispa.com/wp-content/uploads/2021/01/BodhiSpas_Injidup_SpaTreatments-Katie-56-683x1024.jpg]
[www.bodhispa.com/wp-content/uploads/2021/06/BodhiJ_Westin01-680x1024.jpg]
[www.bodhispa.com/wp-content/uploads/2021/01/BodhiSpas_Injidup_SpaTreatments-Katie-1-1024x683.jpg]
[www.bodhispa.com/our-story/index.html]
[www.bodhispa.com/location/index.html]
[www.bodhispa.com/wp-content/uploads/2021/03/shutterstock_684491782-1-scaled.jpg]
[www.bodhispa.com/journal/page/2/index.html]
[www.bodhispa.com/wp-content/uploads/2021/01/BodhiSpa_Samples-11-scaled-e1666341591166-1x1.jpg]
[www.bodhispa.com/category/skincare/index.html]
[www.bodhispa.com/wp-content/uploads/2021/01/BodhiSpa_Samples-11-scaled-e1666341591166.jpg]
[www.bodhispa.com/category/interviews/index.html]
[www.bodhispa.com/wp-content/uploads/2022/09/shutterstock_1047545698-scaled.jpg]
[www.bodhispa.com/category/promotions/index.html]
[www.bodhispa.com/wp-content/uploads/2022/08/Good_Morning_Lifestyle_08_22_04-scaled-e1661921182651-1x1.jpg]
[www.bodhispa.com/wp-content/uploads/2022/08/Good_Morning_Lifestyle_08_22_04-scaled-e1661921182651.jpg]
[www.bodhispa.com/meet-the-design-team-behind-bodhi-yallingup-our-most-luxurious-wellness-destination-yet/index.html]
[www.bodhispa.com/wp-content/uploads/2022/08/BodhiSpas_Injidup_SpaTreatments-Katie-25-1x1.jpg]
[www.bodhispa.com/wp-content/uploads/2022/08/BodhiSpas_Injidup_SpaTreatments-Katie-25-scaled.jpg]
[www.bodhispa.com/bodhi-skincare-tips-for-spring/index.html]
[www.bodhispa.com/wp-content/uploads/2022/06/Bodhi_Cottesloe_15-e1656577458550-1x1.jpg]
[www.bodhispa.com/wp-content/uploads/2022/06/Bodhi_Cottesloe_15-e1656577458550.jpg]
[www.bodhispa.com/wp-content/uploads/2022/05/BodhiSpas_Injidup_SpaTreatments-Katie-64-1-scaled-e1652672317114-1x1.jpg]
[www.bodhispa.com/red-hot-benefits-of-infrared-sauna/index.html]
[www.bodhispa.com/wp-content/uploads/2022/05/BodhiSpas_Injidup_SpaTreatments-Katie-64-1-scaled-e1652672317114.jpg]
[www.bodhispa.com/wp-content/uploads/2022/05/shutterstock_1201726624-scaled-e1651734758998-1x1.jpg]
[www.bodhispa.com/wp-content/uploads/2022/05/shutterstock_1201726624-scaled-e1651734758998.jpg]
[www.bodhispa.com/wp-content/uploads/2021/01/Bodhi_WestPerth_03-1x1.jpg]
[www.bodhispa.com/the-new-bodhi-emma-lewisham-facial-you-have-to-experience/index.html]
[www.bodhispa.com/all-about-reiki/index.html]
[www.bodhispa.com/wp-content/uploads/2021/01/Bodhi_WestPerth_03.jpg]
[www.bodhispa.com/wp-content/uploads/2021/01/Bodhi_WestPerth_23-1x1.jpg]
[www.bodhispa.com/five-minutes-with-megan-larsen-sodashi-founder/index.html]
[www.bodhispa.com/wp-content/uploads/2021/01/Bodhi_WestPerth_23.jpg]
[www.bodhispa.com/wp-content/uploads/2021/01/Bodhi_WestPerth_18-e1631522958546-1x1.jpg]
[www.bodhispa.com/chakras-explained/index.html]
[www.bodhispa.com/wp-content/uploads/2021/01/Bodhi_WestPerth_18-e1631522958546.jpg]
[www.bodhispa.com/journal/index.html]
[www.bodhispa.com/shop/index.html]
[www.bodhispa.com/the-bodhi-ultimate-christmas-gift-guide/index.html]
[www.bodhispa.com/product-category/face/index.html]
[www.bodhispa.com/wp-json/wp/v2/pages/78.json]
[www.bodhispa.com/wp-json/oembed/1.0/embedba85]
[www.bodhispa.com/wp-content/uploads/2021/03/BodhiJ_Westin10-scaled.jpg]
[www.bodhispa.com/wp-content/uploads/2021/03/BodhiJ_Westin10-1024x685.jpg]
[www.bodhispa.com/contact/index.html]
[www.bodhispa.com/wp-content/plugins/gravityforms/js/chosen.jquery.min91ac.js]
[www.bodhispa.com/wp-json/wp/v2/pages/45990.json]
[www.bodhispa.com/wp-json/oembed/1.0/embed3a15.json]
[www.bodhispa.com/wp-json/oembed/1.0/embedb0ff]
[www.bodhispa.com/wp-content/uploads/2021/06/BodhiSpas_Injidup_SpaTreatments-Katie-63-e1622707873692.jpg]
[www.bodhispa.com/wp-includes/js/jquery/ui/core.min3f14.js]
[www.bodhispa.com/wp-includes/js/jquery/ui/datepicker.min3f14.js]
[www.bodhispa.com/wp-content/plugins/gravityforms/js/datepicker-legacy.min91ac.js]
[www.bodhispa.com/appointments/index.html]
[www.bodhispa.com/wp-content/plugins/gravityforms/js/datepicker.min91ac.js]
[www.bodhispa.com/wp-includes/js/zxcvbn-async.min5152.js]
[www.bodhispa.com/wp-json/wp/v2/pages/21.json]
[www.bodhispa.com/wp-json/oembed/1.0/embeda141.json]
[www.bodhispa.com/wp-json/oembed/1.0/embed80c9]
[www.bodhispa.com/wp-content/uploads/2021/06/pexels-vie-studio-6168146-scaled.jpg]
[www.bodhispa.com/wp-content/plugins/woocommerce/assets/js/frontend/country-select.min3c21.js]
[www.bodhispa.com/wp-content/plugins/woocommerce/assets/js/frontend/cart.min3c21.js]
[www.bodhispa.com/wp-admin/js/password-strength-meter.min9b2d.js]
[www.bodhispa.com/cart/index.html]
[www.bodhispa.com/wp-content/uploads/2021/01/logo.svg]
[www.bodhispa.com/wp-content/uploads/2022/02/afterpay.svg]
[www.bodhispa.com/wp-content/themes/bodhi/src/video/backdrop_home.mp4]
[www.bodhispa.com/wp-content/plugins/woocommerce/assets/js/frontend/password-strength-meter.min3c21.js]
[www.bodhispa.com/wp-content/uploads/2021/02/Bodhi_Crystal-Facial_12-683x1024.jpg]
[www.bodhispa.com/location/yallingup-margaret-river/index.html]
[www.bodhispa.com/wp-json/wp/v2/product/93243.json]
[www.bodhispa.com/wp-json/oembed/1.0/embede873]
[www.bodhispa.com/wp-content/uploads/2022/09/Untitled-design-300x300.png]
[www.bodhispa.com/wp-content/uploads/2022/09/31890_20220921_Bodhi_spa_2022_valentine_girardot_perth_commercial_photographer-1-200x300.jpg]
[www.bodhispa.com/wp-content/uploads/2022/09/31900_20220921_Bodhi_spa_2022_valentine_girardot_perth_commercial_photographer-200x300.jpg]
[www.bodhispa.com/wp-content/uploads/2022/09/31909_20220921_Bodhi_spa_2022_valentine_girardot_perth_commercial_photographer-2-200x300.jpg]
[www.bodhispa.com/wp-content/uploads/2022/09/31889_20220921_Bodhi_spa_2022_valentine_girardot_perth_commercial_photographer-1-200x300.jpg]
[www.bodhispa.com/wp-content/uploads/2021/03/Bodhi_Cottesloe_21-scaled-e1616989056402-255x300.jpg]
[www.bodhispa.com/wp-content/uploads/2021/02/BodhiSpas_Injidup_SpaTreatments-Jordan-17-300x200.jpg]
[www.bodhispa.com/wp-content/uploads/2021/01/BodhiSpas_Injidup_SpaTreatments-Katie-65-copy-scaled-e1622635410257-300x287.jpg]
[www.bodhispa.com/wp-content/uploads/2021/02/Bodhi_Cottesloe_22-scaled-e1617194694593-300x200.jpg]
[www.bodhispa.com/wp-content/uploads/2021/01/BodhiSpas_Injidup_SpaTreatments-Katie-25-300x200.jpg]
[www.bodhispa.com/vouchers/facials/index.html]
[www.bodhispa.com/wp-content/uploads/2021/01/bodhi_117-200x300.jpg]
[www.bodhispa.com/wp-content/uploads/2021/06/BodhiSpas_Injidup_SpaTreatments-Katie-25-300x200.jpg]
[www.bodhispa.com/wp-content/uploads/2021/02/BodhiSpas_Injidup_SpaTreatments-Jordan-50-300x200.jpg]
[www.bodhispa.com/product/thermal-luminosity-facial/index.html]
[www.bodhispa.com/wp-content/uploads/2021/04/BodhiSpas_Injidup_SpaTreatments-Jordan-41-e1628687594720-300x148.jpg]
[www.bodhispa.com/product/bodhi-man-facial-back-scrub/index.html]
[www.bodhispa.com/wp-content/uploads/2021/06/BodhiSpas_Injidup_SpaTreatments-Katie-33-300x200.jpg]
[www.bodhispa.com/wp-content/plugins/bodhi-addtocart/assets/main.js]
[www.bodhispa.com/product/bodhi-oud-renewal/index.html]
[www.bodhispa.com/wp-content/plugins/woocommerce/assets/js/frontend/single-product.min3c21.js]
[www.bodhispa.com/product/bodhi-qi-facial-therapy/index.html]
[www.bodhispa.com/product/bodhi-chakra-balance/index.html]
[www.bodhispa.com/product/bodhi-energise-retreat/index.html]
[www.bodhispa.com/wp-content/uploads/2021/04/All-Natural.svg]
[www.bodhispa.com/product/hydro-microdermabrasion-facial/index.html]
[www.bodhispa.com/product/mala-mayi-rejuvenation/index.html]
[www.bodhispa.com/wp-content/uploads/2021/04/Cruelty-free.svg]
[www.bodhispa.com/product/bodhi-relax-massage/index.html]
[www.bodhispa.com/wp-content/uploads/2021/04/Delivered-with-love.svg]
[www.bodhispa.com/wp-content/uploads/2021/04/Holistic-Wellbeing.svg]
[www.bodhispa.com/wp-content/uploads/2021/04/Vegan.svg]
[www.bodhispa.com/product/the-dreaming-ritual/index.html]
[www.bodhispa.com/wp-json/wp/v2/product/46684.json]
[www.bodhispa.com/wp-json/oembed/1.0/embede86e.json]
[www.bodhispa.com/wp-json/oembed/1.0/embedaebd]
[www.bodhispa.com/wp-content/uploads/2021/06/BodhiSpas_Injidup_SpaTreatments-Katie-25.jpg]
[www.bodhispa.com/wp-content/uploads/2021/02/BodhiSpas_Injidup_SpaTreatments-Jordan-24-200x300.jpg]
[www.bodhispa.com/wp-content/uploads/2021/01/bodhi_161-300x200.jpg]
[www.bodhispa.com/product/warm-bamboo-massage-60/index.html]
[www.bodhispa.com/product/bodhi-restore/index.html]
[www.bodhispa.com/wp-content/uploads/2021/03/asaf-r-ogYIzsNGu3Y-unsplash-300x199.jpg]
[www.bodhispa.com/product/bodhi-man-escape-face-body/index.html]
[www.bodhispa.com/product/bodhi-man-waxing/index.html]
[www.bodhispa.com/wp-content/uploads/2021/03/Bodhi_ROBE_03-200x300.jpg]
[www.bodhispa.com/product/bodhi-pregnancy-retreat/index.html]
[www.bodhispa.com/wp-content/uploads/2021/06/BodhiSpas_Injidup_SpaTreatments-Katie-59-300x300.jpg]
[www.bodhispa.com/wp-content/uploads/2021/02/Bodhi_Cottesloe_04-e1618386475807-244x300.jpg]
[www.bodhispa.com/product/rose-quartz-age-control-facial/index.html]
[www.bodhispa.com/wp-content/uploads/2021/01/bodhi_14-300x200.jpg]
[www.bodhispa.com/product/lymphatic-drainage-massage-2/index.html]
[www.bodhispa.com/product/marta-kodo-massage-with-rocks/index.html]
[www.bodhispa.com/wp-json/wp/v2/product/92535.json]
[www.bodhispa.com/product/bodhi-escape/index.html]
[www.bodhispa.com/wp-json/oembed/1.0/embed2168.json]
[www.bodhispa.com/wp-json/oembed/1.0/embed852e]
[www.bodhispa.com/wp-content/uploads/2022/09/PI_ASCL100_AUS_After_Sun_100ml_07_22_Back-300x300.png]
[www.bodhispa.com/wp-content/uploads/2022/09/After_Sun_InSitu_08_22_04-215x300.jpg]
[www.bodhispa.com/wp-content/uploads/2022/08/PI_AUS_Good_Morning_SPF_50ml_06_22_Front-300x300.png]
[www.bodhispa.com/wp-content/uploads/2022/09/PI_SENBM200_1_AU_Sensitive_BM_200mL_front-300x300.jpg]
[www.bodhispa.com/product-category/uncategorized/index.html]
[www.bodhispa.com/wp-content/uploads/2021/12/EL-Supernatural-Face-Creme-Riche-Jar-1-270x300.jpg]
[www.bodhispa.com/product/good-morning-spf-50-50ml/index.html]
[www.bodhispa.com/product/sensitive-body-milk-200ml/index.html]
[www.bodhispa.com/wp-content/uploads/2022/09/PI_SZLIG50_1_AU_Light_StickyZinc_50g_Front-300x300.jpg]
[www.bodhispa.com/product/supernatural-72-hour-creme/index.html]
[www.bodhispa.com/wp-content/uploads/2022/08/EL-Illuminating-Face-Body-Oil-Refill-Pouch-1-270x300.jpg]
[www.bodhispa.com/product/sticky-zinc-light-tint-50g/index.html]
[www.bodhispa.com/wp-content/uploads/2022/08/EL-Supernatural-Sleeping-Mask-Jar-1-270x300.jpg]
[www.bodhispa.com/product/illuminating-face-body-oil-refill-115ml/index.html]
[www.bodhispa.com/product/supernatural-sleeping-mask/index.html]
[www.bodhispa.com/wp-content/uploads/2022/09/PI_KPBM400_1_AU_Kakadu_Plum_BM_400ml_front-300x300.jpg]
[www.bodhispa.com/wp-content/uploads/2022/09/PI_SISPF200_1_AU_Signature_SPF_200ml_front-300x300.jpg]
[www.bodhispa.com/product/kakadu-plum-body-milk-400ml-2/index.html]
[www.bodhispa.com/wp-content/uploads/2021/02/MUKTI-Shop-Wash-300dpiMASTER-300x300.jpg]
[www.bodhispa.com/product/signature-sunscreen-spf-50-200ml/index.html]
[www.bodhispa.com/wp-content/uploads/2022/09/PI_KPSPF400_1_AU_Kakadu_Plum_SPF_400ml_front-300x300.jpg]
[www.bodhispa.com/product/botanique-wash-360ml/index.html]
[www.bodhispa.com/wp-content/uploads/2022/09/PI_KPSPF200_1_AU_Kakadu_Plum_SPF_200mL_front-300x300.jpg]
[www.bodhispa.com/wp-content/uploads/2022/09/PI_SESPF200_1_AU_Sensitive_SPF_200mL_front-300x300.jpg]
[www.bodhispa.com/product/after-sun-cooling-lotion-100ml/index.html]
[www.bodhispa.com/product/kakadu-plum-sunscreen-spf-400ml/index.html]
[www.bodhispa.com/product/kakadu-plum-sunscreen-spf-200ml/index.html]
[www.bodhispa.com/wp-json/wp/v2/product/92758.json]
[www.bodhispa.com/wp-json/oembed/1.0/embedf3ab.json]
[www.bodhispa.com/product/sensitive-sunscreen-spf-50-200ml/index.html]
[www.bodhispa.com/wp-json/oembed/1.0/embed9efa]
[www.bodhispa.com/wp-content/uploads/2022/09/Product_Image_AUS_Baby_Mineral_SPF_75ml_06_22_Back-300x300.jpg]
[www.bodhispa.com/wp-content/uploads/2022/09/Baby_Mineral_InSitu_8_22_08-200x300.jpg]
[www.bodhispa.com/wp-content/uploads/2021/02/MUKTI-PR-ADNight-scaled-1-300x300.jpg]
[www.bodhispa.com/product/age-defiance-night-serum-30ml/index.html]
[www.bodhispa.com/wp-content/uploads/2022/09/PI_SESPF400_1_AU_Sensitive_SPF_400mL_front-300x300.jpg]
[www.bodhispa.com/wp-content/uploads/2022/09/PI_PAW25_1_AU_Pawpaw_25g_front-300x300.jpg]
[www.bodhispa.com/wp-content/uploads/2022/09/PI_SENBM400_1_AU_Sensitive_BM_400mL_front-300x300.jpg]
[www.bodhispa.com/wp-content/uploads/2022/09/WAFGI-Cocoa_Lip_Balm-Render-front-300x300.jpg]
[www.bodhispa.com/wp-content/uploads/2022/09/PI_SZMED50_1_AU_Medium_StickyZinc_50g_Front-300x300.jpg]
[www.bodhispa.com/product/baby-mineral-sunscreen-spf-50-75g/index.html]
[www.bodhispa.com/product/pawpaw-nectar-25g/index.html]
[www.bodhispa.com/product/sensitive-body-milk-400ml/index.html]
[www.bodhispa.com/product/cocoa-lip-balm-spf-50-8ml/index.html]
[www.bodhispa.com/product/sticky-zinc-medium-tint-50g/index.html]
[www.bodhispa.com/product/gua-sha-facial-massage-add-on-treatment/index.html]
[www.bodhispa.com/wp-json/wp/v2/product/46353.json]
[www.bodhispa.com/wp-json/oembed/1.0/embed7117.json]
[www.bodhispa.com/wp-json/oembed/1.0/embed05fb]
[www.bodhispa.com/wp-content/uploads/2021/01/bodhi_99-scaled.jpg]
[www.bodhispa.com/wp-content/uploads/2021/06/BodhiSpas_Injidup_GiftVoucher-12-300x200.jpg]
[www.bodhispa.com/wp-content/uploads/2021/03/BodhiJ_Westin18-scaled-e1618366961787-247x300.jpg]
[www.bodhispa.com/wp-includes/js/underscore.mind584.js]
[www.bodhispa.com/product/fixed-amount-gift-voucher/index.html]
[www.bodhispa.com/product/marta-kodo-massage/index.html]
[www.bodhispa.com/wp-includes/js/wp-util.min9b2d.js]
[www.bodhispa.com/product/hydrate-renew-facial/index.html]
[www.bodhispa.com/product/bodhi-ultimate-retreat/index.html]
[www.bodhispa.com/product/tension-release-massage/index.html]
[www.bodhispa.com/product/infra-red-sauna-2/index.html]
[www.bodhispa.com/wp-content/plugins/woocommerce/assets/js/frontend/add-to-cart-variation.min3c21.js]
[www.bodhispa.com/wp-json/wp/v2/product/46361.json]
[www.bodhispa.com/wp-json/oembed/1.0/embedec7c.json]
[www.bodhispa.com/wp-json/oembed/1.0/embed29ea]
[www.bodhispa.com/wp-content/uploads/2022/05/shutterstock_1201726516-300x200.jpg]
[www.bodhispa.com/wp-content/uploads/2021/02/pexels-janko-ferlic-1692050-258x300.jpg]
[www.bodhispa.com/product/bodhi-reiki/index.html]
[www.bodhispa.com/product/bodhi-man-renew-body/index.html]
[www.bodhispa.com/product/bodhi-pregnancy-nurture/index.html]
[www.bodhispa.com/wp-json/oembed/1.0/embedca37]
[www.bodhispa.com/wp-content/uploads/2021/04/Bodhi_WestPerth_24.jpg]
[www.bodhispa.com/product/lightstim-led-therapy-facial/index.html]
[www.bodhispa.com/wp-json/wp/v2/product/46370.json]
[www.bodhispa.com/wp-json/oembed/1.0/embed1528.json]
[www.bodhispa.com/wp-json/oembed/1.0/embed7f7d]
[www.bodhispa.com/wp-content/uploads/2021/03/Bodhi_Cottesloe_13_v2-scaled-e1623297428626.jpg]
[www.bodhispa.com/product/back-massage-add-on-treatment/index.html]
[www.bodhispa.com/wp-json/wp/v2/product/47491.json]
[www.bodhispa.com/wp-json/oembed/1.0/embeda710.json]
[www.bodhispa.com/wp-json/oembed/1.0/embedf6b5]
[www.bodhispa.com/wp-content/uploads/2021/06/BodhiSpas_Injidup_SpaTreatments-Jordan-12-200x300.jpg]
[www.bodhispa.com/product/ledlighttherapy/index.html]
[www.bodhispa.com/product/age-defiance-facial/index.html]
[www.bodhispa.com/product/bodhi-head-massage/index.html]
[www.bodhispa.com/wp-json/oembed/1.0/embed076c.json]
[www.bodhispa.com/wp-json/oembed/1.0/embed4e5e]
[www.bodhispa.com/wp-content/uploads/2021/03/Bodhi_Cottesloe_21-1-scaled-e1616985926151.jpg]
[www.bodhispa.com/product/instant-glow-facial-add-on-treatment/index.html]
[www.bodhispa.com/wp-json/wp/v2/product/46371.json]
[www.bodhispa.com/wp-json/oembed/1.0/embed9513.json]
[www.bodhispa.com/wp-json/oembed/1.0/embede5d9]
[www.bodhispa.com/wp-content/uploads/2021/04/BodhiSpas_Injidup_SpaTreatments-Jordan-1.jpg]
[www.bodhispa.com/product/scalp-massage-hair-treatment-add-on-treatment/index.html]
[www.bodhispa.com/wp-content/plugins/gravityforms/images/spinner.svg]
[www.bodhispa.com/wp-content/uploads/2021/04/logo_tall.svg]
[www.bodhispa.com/wp-json/wp/v2/pages/23.json]
[www.bodhispa.com/wp-json/oembed/1.0/embed70cd.json]
[www.bodhispa.com/wp-json/oembed/1.0/embed49c0]
[www.bodhispa.com/account/index.html]
[www.bodhispa.com/wp-includes/css/dashicons.min9b2d.css]
[www.bodhispa.com/account/lost-password/index.html]
[www.bodhispa.com/wp-json/oembed/1.0/embed078f.json]
[www.bodhispa.com/wp-json/oembed/1.0/embed091c]
[www.bodhispa.com/wp-content/uploads/2021/01/bodhi_152-scaled.jpg]
[www.bodhispa.com/wp-content/uploads/2021/01/bodhi_1-683x1024.jpg]
[www.bodhispa.com/wp-content/uploads/2021/01/bodhi_15-scaled-e1616986279179-920x1024.jpg]
[www.bodhispa.com/wp-content/uploads/2021/01/bodhi_11-683x1024.jpg]
[www.bodhispa.com/wp-content/uploads/2021/01/bodhi_2-scaled-e1616986341455-884x1024.jpg]
[www.bodhispa.com/wp-content/uploads/2021/01/bodhi_9-683x1024.jpg]
[www.bodhispa.com/wp-content/uploads/2021/01/bodhi_6-683x1024.jpg]
[www.bodhispa.com/wp-content/uploads/2021/03/Bodhi_Cottesloe_19-683x1024.jpg]
[www.bodhispa.com/wp-content/uploads/2021/01/Bodhi_Cottesloe_26-scaled.jpg]
[www.bodhispa.com/location/cottesloe/index.html]
[www.bodhispa.com/wp-json/oembed/1.0/embed6cfd.json]
[www.bodhispa.com/appointments/indexebd4.html]
[www.bodhispa.com/wp-json/oembed/1.0/embed2b40]
[www.bodhispa.com/wp-content/uploads/2021/01/Bodhi_WestPerth_02-683x1024.jpg]
[www.bodhispa.com/wp-content/uploads/2021/01/Bodhi_WestPerth_14-683x1024.jpg]
[www.bodhispa.com/wp-content/uploads/2021/01/Bodhi_WestPerth_03-683x1024.jpg]
[www.bodhispa.com/wp-content/uploads/2021/01/Bodhi_WestPerth_07-1024x683.jpg]
[www.bodhispa.com/wp-content/uploads/2021/01/Bodhi_WestPerth_24-683x1024.jpg]
[www.bodhispa.com/wp-content/uploads/2021/01/Bodhi_WestPerth_18-1024x683.jpg]
[www.bodhispa.com/wp-content/uploads/2021/01/Bodhi_WestPerth_13-683x1024.jpg]
[www.bodhispa.com/wp-content/uploads/2021/01/bodhi_123-scaled-e1616986601583.jpg]
[www.bodhispa.com/location/highgate/index.html]
[www.bodhispa.com/appointments/index5f3d.html]
[www.bodhispa.com/wp-json/oembed/1.0/embedc8b5.json]
[www.bodhispa.com/wp-json/oembed/1.0/embedc20b]
[www.bodhispa.com/wp-content/uploads/2021/06/Screen-Shot-2020-08-26-at-6.35.53-pm-722x1024.png]
[www.bodhispa.com/wp-content/uploads/2021/06/Qantas_180322_5004-e1623826072208-968x1024.jpg]
[www.bodhispa.com/wp-content/uploads/2021/06/Qantas_180322_5754-e1623825883975-1024x524.jpg]
[www.bodhispa.com/wp-content/uploads/2021/06/Qantas_180322_5827-1024x642.jpg]
[www.bodhispa.com/wp-content/uploads/2021/06/Qantas_180322_5754-e1623825883975.jpg]
[www.bodhispa.com/location/qantas-wellbeing-studio/index.html]
[www.bodhispa.com/wp-json/oembed/1.0/embed93cd.json]
[www.bodhispa.com/appointments/indexacd4.html]
[www.bodhispa.com/wp-json/oembed/1.0/embedecef]
[www.bodhispa.com/wp-content/uploads/2021/01/BodhiSpas_Injidup_SpaTreatments-Katie-65-copy-scaled-e1622635410257-1024x980.jpg]
[www.bodhispa.com/wp-content/uploads/2021/01/bodhi_135-1024x683.jpg]
[www.bodhispa.com/wp-content/uploads/2021/03/Bodhi_Cottesloe_21-1-scaled-e1616985926151-962x1024.jpg]
[www.bodhispa.com/wp-content/uploads/2021/01/BodhiSpas_Injidup_SpaTreatments-Katie-1-copy-1024x683.jpg]
[www.bodhispa.com/location/wembley/index.html]
[www.bodhispa.com/appointments/indexf816.html]
[www.bodhispa.com/wp-json/oembed/1.0/embed6b39.json]
[www.bodhispa.com/wp-json/oembed/1.0/embed1658]
[www.bodhispa.com/wp-content/uploads/2021/01/bodhi_168-scaled-e1617267993605-1024x948.jpg]
[www.bodhispa.com/wp-content/uploads/2021/01/bodhi_183-scaled-e1616985602854-953x1024.jpg]
[www.bodhispa.com/wp-content/uploads/2021/01/bodhi_152-1024x685.jpg]
[www.bodhispa.com/wp-content/uploads/2021/02/spa1060-scaled-e1623649971604.jpg]
[www.bodhispa.com/location/westin/index.html]
[www.bodhispa.com/appointments/index1361.html]
[www.bodhispa.com/wp-json/wp/v2/pages/45980.json]
[www.bodhispa.com/wp-json/oembed/1.0/embed9cc6.json]
[www.bodhispa.com/wp-json/oembed/1.0/embed0ce1]
[www.bodhispa.com/wp-content/uploads/2021/03/Bodhi_Cottesloe_27-scaled.jpg]
[www.bodhispa.com/terms-conditions/index.html]
[www.bodhispa.com/wp-json/wp/v2/pages/3.json]
[www.bodhispa.com/privacy-policy/feed/index.html]
[www.bodhispa.com/wp-json/oembed/1.0/embed09d3]
[www.bodhispa.com/wp-content/uploads/2021/04/Canal-rocks--scaled.jpg]
[www.bodhispa.com/privacy-policy/index.html]
[www.bodhispa.com/wp-admin/admin-ajax.html]
[www.bodhispa.com/wp-content/plugins/instagram-feed/css/sbi-styles.min9b2d.css]
[www.bodhispa.com/wp-content/plugins/gravityforms/fonts/gform-icons-theme1bee.woff2]
[www.bodhispa.com/wp-content/plugins/gravityforms/fonts/gform-icons-theme1bee.ttf]
[www.bodhispa.com/wp-content/plugins/gravityforms/fonts/gform-icons-theme1bee.woff]
[www.bodhispa.com/wp-content/plugins/gravityforms/legacy/css/chosen-sprite.png]
[www.bodhispa.com/wp-content/plugins/gravityforms/legacy/css/chosen-sprite@2x.png]
[www.bodhispa.com/wp-content/plugins/gravityforms/assets/css/dist/basic.min91ac.css]
[www.bodhispa.com/wp-content/themes/bodhi/dist/fonts/OrpheusPro-Regular.woff]
[www.bodhispa.com/wp-content/themes/bodhi/dist/img/manu-search-icon.png]
[www.bodhispa.com/wp-content/uploads/2022/09/Spa-Menu-2022_Website.pdf]
[www.bodhispa.com/product-category/treatments/facials/feed/index.html]
[www.bodhispa.com/product-category/treatments/massages/index.html]
[www.bodhispa.com/product-category/treatments/body-therapy/index.html]
[www.bodhispa.com/product-category/treatments/bodhi-man/index.html]
[www.bodhispa.com/wp-content/uploads/2021/06/BodhiSpas_Injidup_SpaTreatments-Katie-59-1024x1024.jpg]
[www.bodhispa.com/product-category/treatments/facials/index.html]
[www.bodhispa.com/product-category/treatments/spa-packages/index.html]
[www.bodhispa.com/product-category/treatments/pregnancy-safe/index.html]
[www.bodhispa.com/product-category/treatments/wellness/index.html]
[www.bodhispa.com/product-category/treatments/add-ons/index.html]
[www.bodhispa.com/product-category/treatments/beauty-therapy/index.html]
[www.bodhispa.com/product-category/treatments/specials/index.html]
[www.bodhispa.com/wp-content/uploads/2021/11/18-08-20-EMMMA-BEAUTICATE86978_LR-e1638254711478.jpg]
[www.bodhispa.com/appointments/indexa4f8.html]
[www.bodhispa.com/product/bodhi-emma-lewisham-brightening-facial/index.html]
[www.bodhispa.com/appointments/indexc6a1.html]
[www.bodhispa.com/appointments/index9097.html]
[www.bodhispa.com/wp-content/uploads/2021/11/Glowsotablets-scaled-e1635820032653-1x1.jpg]
[www.bodhispa.com/wp-content/uploads/2021/11/Glowsotablets-scaled-e1635820032653.jpg]
[www.bodhispa.com/appointments/index7fd7.html]
[www.bodhispa.com/appointments/indexec2e.html]
[www.bodhispa.com/appointments/index01c4.html]
[www.bodhispa.com/wp-content/uploads/2021/10/Bodhi_WestPerth_06-e1659513372186-1x1.jpg]
[www.bodhispa.com/product/bodhi-qi-facial-led-light-therapy/index.html]
[www.bodhispa.com/wp-content/uploads/2021/10/Bodhi_WestPerth_06-e1659513372186.jpg]
[www.bodhispa.com/appointments/index2737.html]
[www.bodhispa.com/appointments/indexdc27.html]
[www.bodhispa.com/wp-content/uploads/2021/04/BodhiSpas_Injidup_SpaTreatments-Jordan-41-e1628687594720-1x1.jpg]
[www.bodhispa.com/talking-planet-positive-skincare-with-emma-lewisham/index.html]
[www.bodhispa.com/what-to-expect-when-you-detox-your-body/index.html]
[www.bodhispa.com/what-does-ingestible-collagen-do-for-your-skin/index.html]
[www.bodhispa.com/wp-content/uploads/2021/04/BodhiSpas_Injidup_SpaTreatments-Jordan-41-e1628687594720.jpg]
[www.bodhispa.com/wp-content/uploads/2021/03/pexels-alice-castro-3848486-1x1.jpg]
[www.bodhispa.com/wp-content/uploads/2021/01/bodhi_118-1x1.jpg]
[www.bodhispa.com/the-bodhi-spa-thers-day-gift-guide/index.html]
[www.bodhispa.com/talking-wellness-carla-oats-founder-the-beauty-chef/index.html]
[www.bodhispa.com/wp-content/uploads/2021/01/bodhi_118-scaled.jpg]
[www.bodhispa.com/wp-content/uploads/2021/01/bodhi_182-scaled-e1616587091752-1x1.jpg]
[www.bodhispa.com/wp-content/uploads/2021/01/bodhi_182-scaled-e1616587091752.jpg]
[www.bodhispa.com/how-to-treat-hyperpigmentation-naturally/index.html]
[www.bodhispa.com/wp-content/uploads/2021/03/pexels-janko-ferlic-1692050-1x1.jpg]
[www.bodhispa.com/wp-content/uploads/2021/03/june-o-i6GtCNa7fBw-unsplash-scaled-e1617773562435-1x1.jpg]
[www.bodhispa.com/man-maintenance-skincare-tips-for-men/index.html]
[www.bodhispa.com/wp-content/uploads/2021/03/june-o-i6GtCNa7fBw-unsplash-scaled-e1617773562435.jpg]
[www.bodhispa.com/wp-content/uploads/2021/02/shutterstock_1030562737-scaled-e1617774948676-1x1.jpg]
[www.bodhispa.com/wp-content/uploads/2021/02/shutterstock_1030562737-scaled-e1617774948676.jpg]
[www.bodhispa.com/journal/page/2/index.html]
[www.bodhispa.com/self-care-tips-for-mums-to-be/index.html]
[www.bodhispa.com/get-the-most-from-your-facial/index.html]
[www.bodhispa.com/all-about-eyes-eye-care-tips/index.html]
[www.bodhispa.com/category/skincare/page/2/index.html]
[www.bodhispa.com/category/skincare/feed/index.html]
[www.bodhispa.com/wp-json/wp/v2/categories/55.json]
[www.bodhispa.com/category/skincare/index.html]
[www.bodhispa.com/wp-json/wp/v2/categories/57.json]
[www.bodhispa.com/category/interviews/index.html]
[www.bodhispa.com/category/news/index.html]
[www.bodhispa.com/wp-json/wp/v2/categories/37.json]
[www.bodhispa.com/category/promotions/index.html]
[www.bodhispa.com/category/wellbeing/index.html]
[www.bodhispa.com/category/promotions/feed/index.html]
[www.bodhispa.com/wp-content/uploads/2022/09/shutterstock_1047545698-1x1.jpg]
[www.bodhispa.com/new-luxury-bodhi-yallingup-spa-brings-immersive-wellness-to-the-margaret-river-region/index.html]
[www.bodhispa.com/wp-json/wp/v2/posts/92784.json]
[www.bodhispa.com/meet-the-design-team-behind-bodhi-yallingup-our-most-luxurious-wellness-destination-yet/feed/index.html]
[www.bodhispa.com/wp-json/oembed/1.0/embed219f]
[www.bodhispa.com/wp-content/uploads/2022/09/CHAIRITY_DESIGN_PORTRAITS12_88f9567c-024c-4d54-99f6-681fca52c9ff-scaled.jpg]
[www.bodhispa.com/wp-content/uploads/2022/09/CHAIRITY_DESIGN_PORTRAITS12_88f9567c-024c-4d54-99f6-681fca52c9ff-211x300.jpg]
[www.bodhispa.com/meet-the-design-team-behind-bodhi-yallingup-our-most-luxurious-wellness-destination-yet/index.html]
[www.bodhispa.com/bodhi-skincare-tips-for-spring/feed/index.html]
[www.bodhispa.com/wp-json/oembed/1.0/embedd262.json]
[www.bodhispa.com/wp-json/oembed/1.0/embed499a]
[www.bodhispa.com/wp-content/uploads/2022/08/Screen-Shot-2022-08-29-at-2.51.12-pm-300x264.png]
[www.bodhispa.com/bodhi-skincare-tips-for-spring/index.html]
[www.bodhispa.com/product/everyface-brightening-marine-mineral-mask-50ml/index.html]
[www.bodhispa.com/product/aloe-vera-moisturiser-50ml/index.html]
[www.bodhispa.com/product/hydrating-moisturiser-50ml/index.html]
[www.bodhispa.com/product/balancing-moisturiser-50ml/index.html]
[www.bodhispa.com/product/body-brilliance-cream/index.html]
[www.bodhispa.com/wp-json/wp/v2/posts/90417.json]
[www.bodhispa.com/product/glow-inner-beauty-essential-150g/index.html]
[www.bodhispa.com/product/spring-nurture/index.html]
[www.bodhispa.com/wp-json/oembed/1.0/embed1551.json]
[www.bodhispa.com/we-are-moving-new-bodhi-yallingup-coming-soon/index.html]
[www.bodhispa.com/red-hot-benefits-of-infrared-sauna/feed/index.html]
[www.bodhispa.com/red-hot-benefits-of-infrared-sauna/index.html]
[www.bodhispa.com/wp-json/oembed/1.0/embed7037]
[www.bodhispa.com/wp-json/wp/v2/posts/88066.json]
[www.bodhispa.com/product/infrared-sauna-x-5-sessions/index.html]
[www.bodhispa.com/the-new-bodhi-emma-lewisham-facial-you-have-to-experience/feed/index.html]
[www.bodhispa.com/wp-json/oembed/1.0/embed4367.json]
[www.bodhispa.com/wp-json/oembed/1.0/embed2b2b]
[www.bodhispa.com/wp-content/uploads/2022/05/EL-NOV-27-scaled.jpg]
[www.bodhispa.com/wp-content/uploads/2022/05/EL-NOV-27-200x300.jpg]
[www.bodhispa.com/the-new-bodhi-emma-lewisham-facial-you-have-to-experience/index.html]
[www.bodhispa.com/wp-json/wp/v2/posts/88094.json]
[www.bodhispa.com/all-about-reiki/feed/index.html]
[www.bodhispa.com/wp-json/oembed/1.0/embed3255.json]
[www.bodhispa.com/wp-json/oembed/1.0/embedd4f0]
[www.bodhispa.com/wp-content/uploads/2022/05/shutterstock_1201726516-scaled.jpg]
[www.bodhispa.com/all-about-reiki/index.html]
[www.bodhispa.com/wp-json/wp/v2/posts/85311.json]
[www.bodhispa.com/five-minutes-with-megan-larsen-sodashi-founder/feed/index.html]
[www.bodhispa.com/wp-json/oembed/1.0/embed7d9b.json]
[www.bodhispa.com/wp-json/oembed/1.0/embedc981]
[www.bodhispa.com/wp-content/uploads/2022/02/meganlarsen-scaled.jpg]
[www.bodhispa.com/wp-content/uploads/2022/02/meganlarsen-231x300.jpg]
[www.bodhispa.com/five-minutes-with-megan-larsen-sodashi-founder/index.html]
[www.bodhispa.com/wp-json/wp/v2/posts/84396.json]
[www.bodhispa.com/product/rejuvenating-clay-cleanser-with-lavender-150ml/index.html]
[www.bodhispa.com/brand/sodashi/indexa759.html]
[www.bodhispa.com/wp-json/oembed/1.0/embed9549.json]
[www.bodhispa.com/product/rejuvenating-face-and-neck-moisturiser-100ml/index.html]
[www.bodhispa.com/product/calming-skin-boost-50ml/index.html]
[www.bodhispa.com/chakras-explained/feed/index.html]
[www.bodhispa.com/wp-json/oembed/1.0/embed8e64]
[www.bodhispa.com/wp-content/uploads/2022/01/shutterstock_1042277725-scaled.jpg]
[www.bodhispa.com/wp-content/uploads/2022/01/shutterstock_1042277725-300x200.jpg]
[www.bodhispa.com/chakras-explained/index.html]
[www.bodhispa.com/product/chakra-balance-4-love-10ml/index.html]
[www.bodhispa.com/wp-json/oembed/1.0/embed3812.json]
[www.bodhispa.com/the-bodhi-ultimate-christmas-gift-guide/index.html]
[www.bodhispa.com/wp-json/oembed/1.0/embed9476]
[www.bodhispa.com/product/the-perfect-gift/index.html]
[www.bodhispa.com/vouchers/dollar-amount/index.html]
[www.bodhispa.com/wp-content/uploads/2021/04/kelly-sikkema-xMUzjJS4msc-unsplash-scaled.jpg]
[www.bodhispa.com/product-category/face/page/2/index.html]
[www.bodhispa.com/product-category/face/feed/index.html]
[www.bodhispa.com/product-category/face/index.html]
[www.bodhispa.com/wp-content/plugins/ajax-load-more/core/dist/js/ajax-load-more.min08c5.js]
[www.bodhispa.com/product-category/face/index1a15.html]
[www.bodhispa.com/wp-content/plugins/gravityforms/images/datepicker/datepicker.svg]
[www.bodhispa.com/product-category/body-care/indexfeff.html]
[www.bodhispa.com/product-category/inner-health/index8487.html]
[www.bodhispa.com/product-category/beauty-tools/index8b77.html]
[www.bodhispa.com/product-category/hair-care/index9c23.html]
[www.bodhispa.com/brand/emma-lewisham/index2764.html]
[www.bodhispa.com/brand/mukti/index9583.html]
[www.bodhispa.com/wp-json/oembed/1.0/embed73d6]
[www.bodhispa.com/brand/slug/indexe180.html]
[www.bodhispa.com/brand/beauty-chef/index6ea3.html]
[www.bodhispa.com/wp-content/uploads/2021/01/BodhiSpa_Samples-24-1024x684.jpg]
[www.bodhispa.com/brand/we-are-feel-good-inc/index9049.html]
[www.bodhispa.com/wp-json/oembed/1.0/embedf599]
[www.bodhispa.com/wp-content/plugins/woocommerce/assets/js/frontend/address-i18n.min3c21.js]
[www.bodhispa.com/wp-content/uploads/2021/01/BodhiSpa_Samples-16-1024x683.jpg]
[www.bodhispa.com/wp-content/uploads/2021/01/BodhiSpa_Samples-7-1024x683.jpg]
[www.bodhispa.com/wp-content/uploads/2021/01/BodhiSpa_Samples_RelaxLoungeSamples-1-682x1024.jpg]
[www.bodhispa.com/wp-content/uploads/2021/01/BodhiSpa_Samples-2-1024x683.jpg]
[www.bodhispa.com/wp-content/uploads/2021/01/BodhiSpa_Samples-22-1024x683.jpg]
[www.bodhispa.com/location/yallingup-margaret-river/index.html]
[www.bodhispa.com/vouchers/facials/index.html]
[www.bodhispa.com/appointments/indexe8a3.html]
[www.bodhispa.com/vouchers/facials/index09c7.html]
[www.bodhispa.com/wp-json/oembed/1.0/embed9b83]
[www.bodhispa.com/wp-content/plugins/bodhi-addtocart/assets/main9b2d.css]
[www.bodhispa.com/vouchers/facials/feed/index.html]
[www.bodhispa.com/vouchers/massages/index.html]
[www.bodhispa.com/vouchers/add-ons/index.html]
[www.bodhispa.com/wp-json/wp/v2/product/46331.json]
[www.bodhispa.com/vouchers/beauty-therapies/index.html]
[www.bodhispa.com/vouchers/spa-packages/index.html]
[www.bodhispa.com/vouchers/pregnancy-safe/index.html]
[www.bodhispa.com/vouchers/specials/index.html]
[www.bodhispa.com/wp-json/oembed/1.0/embed8f38.json]
[www.bodhispa.com/wp-json/oembed/1.0/embedfd98]
[www.bodhispa.com/wp-content/uploads/2021/03/Bodhi_Cottesloe_21-scaled-e1616989056402.jpg]
[www.bodhispa.com/product/thermal-luminosity-facial/index.html]
[www.bodhispa.com/wp-json/wp/v2/product/46348.json]
[www.bodhispa.com/wp-json/oembed/1.0/embed59d6.json]
[www.bodhispa.com/wp-json/oembed/1.0/embedb849]
[www.bodhispa.com/wp-content/uploads/2021/02/BodhiSpas_Injidup_SpaTreatments-Jordan-17-scaled.jpg]
[www.bodhispa.com/product/bodhi-man-facial-back-scrub/index.html]
[www.bodhispa.com/wp-json/wp/v2/product/46380.json]
[www.bodhispa.com/wp-json/oembed/1.0/embed7ba4]
[www.bodhispa.com/wp-content/uploads/2021/02/BodhiSpas_Injidup_SpaTreatments-Katie-61-300x300.jpg]
[www.bodhispa.com/wp-content/uploads/2021/01/BodhiSpas_Injidup_SpaTreatments-Katie-19-300x300.jpg]
[www.bodhispa.com/wp-content/uploads/2021/06/BodhiSpas_Injidup_SpaTreatments-Jordan-8-300x200.jpg]
[www.bodhispa.com/product/bodhi-oud-renewal/index.html]
[www.bodhispa.com/wp-json/wp/v2/product/46363.json]
[www.bodhispa.com/wp-json/oembed/1.0/embed3852.json]
[www.bodhispa.com/wp-json/oembed/1.0/embed520f]
[www.bodhispa.com/wp-content/uploads/2021/02/Bodhi_Cottesloe_22-scaled-e1617194694593.jpg]
[www.bodhispa.com/product/bodhi-chakra-balance/index.html]
[www.bodhispa.com/wp-json/wp/v2/product/46386.json]
[www.bodhispa.com/wp-json/oembed/1.0/embed4432.json]
[www.bodhispa.com/wp-json/oembed/1.0/embed54e6]
[www.bodhispa.com/wp-content/uploads/2021/01/BodhiSpas_Injidup_SpaTreatments-Katie-25-scaled.jpg]
[www.bodhispa.com/product/bodhi-energise-retreat/index.html]
[www.bodhispa.com/wp-json/wp/v2/product/46329.json]
[www.bodhispa.com/wp-json/oembed/1.0/embedc746.json]
[www.bodhispa.com/wp-json/oembed/1.0/embed41f8]
[www.bodhispa.com/wp-content/uploads/2021/01/bodhi_117-scaled.jpg]
[www.bodhispa.com/product/hydro-microdermabrasion-facial/index.html]
[www.bodhispa.com/wp-json/wp/v2/product/46384.json]
[www.bodhispa.com/wp-json/oembed/1.0/embed4c7b.json]
[www.bodhispa.com/wp-json/oembed/1.0/embed12f9]
[www.bodhispa.com/wp-content/uploads/2021/01/BodhiSpas_Injidup_Couple-44-scaled-e1622632500697-300x277.jpg]
[www.bodhispa.com/wp-content/uploads/2021/02/Bodhi_Cottesloe_14-1-300x200.jpg]
[www.bodhispa.com/product/mala-mayi-rejuvenation/index.html]
[www.bodhispa.com/wp-json/wp/v2/product/46531.json]
[www.bodhispa.com/wp-json/oembed/1.0/embedf86d.json]
[www.bodhispa.com/product/bodhi-relax-massage/index.html]
[www.bodhispa.com/wp-json/oembed/1.0/embed24ec]
[www.bodhispa.com/wp-json/wp/v2/product/46388.json]
[www.bodhispa.com/wp-json/oembed/1.0/embed4207.json]
[www.bodhispa.com/wp-json/oembed/1.0/embed0f7e]
[www.bodhispa.com/wp-content/uploads/2021/06/BodhiSpas_Injidup_SpaTreatments-Katie-33.jpg]
[www.bodhispa.com/product/the-dreaming-ritual/index.html]
[www.bodhispa.com/wp-json/wp/v2/product/46338.json]
[www.bodhispa.com/wp-json/oembed/1.0/embed7e11.json]
[www.bodhispa.com/wp-json/oembed/1.0/embed8bae]
[www.bodhispa.com/wp-content/uploads/2021/02/BodhiSpas_Injidup_SpaTreatments-Jordan-24-scaled.jpg]
[www.bodhispa.com/product/warm-bamboo-massage-60/index.html]
[www.bodhispa.com/wp-json/wp/v2/product/46374.json]
[www.bodhispa.com/wp-json/oembed/1.0/embed3f38]
[www.bodhispa.com/wp-content/uploads/2021/01/bodhi_161-scaled.jpg]
[www.bodhispa.com/product/bodhi-restore/index.html]
[www.bodhispa.com/wp-json/wp/v2/product/46349.json]
[www.bodhispa.com/product/bodhi-man-escape-face-body/index.html]
[www.bodhispa.com/wp-json/oembed/1.0/embed2ed8]
[www.bodhispa.com/wp-json/wp/v2/product/47301.json]
[www.bodhispa.com/wp-json/oembed/1.0/embed498d.json]
[www.bodhispa.com/wp-json/oembed/1.0/embeddba5]
[www.bodhispa.com/wp-content/uploads/2021/03/asaf-r-ogYIzsNGu3Y-unsplash-scaled.jpg]
[www.bodhispa.com/product/bodhi-man-waxing/index.html]
[www.bodhispa.com/wp-json/wp/v2/product/46378.json]
[www.bodhispa.com/wp-json/oembed/1.0/embed5132.json]
[www.bodhispa.com/wp-json/oembed/1.0/embed84fa]
[www.bodhispa.com/wp-content/uploads/2021/03/Bodhi_ROBE_03.jpg]
[www.bodhispa.com/product/bodhi-pregnancy-retreat/index.html]
[www.bodhispa.com/wp-json/wp/v2/product/46332.json]
[www.bodhispa.com/wp-json/oembed/1.0/embedf7f0.json]
[www.bodhispa.com/wp-json/oembed/1.0/embed25fb]
[www.bodhispa.com/wp-content/uploads/2021/06/BodhiSpas_Injidup_SpaTreatments-Katie-59.jpg]
[www.bodhispa.com/product/rose-quartz-age-control-facial/index.html]
[www.bodhispa.com/wp-json/wp/v2/product/46382.json]
[www.bodhispa.com/wp-json/oembed/1.0/embed0017]
[www.bodhispa.com/wp-content/uploads/2021/02/Bodhi_Cottesloe_04-e1618386475807.jpg]
[www.bodhispa.com/product/bodhi-escape/index.html]
[www.bodhispa.com/wp-json/wp/v2/product/46341.json]
[www.bodhispa.com/wp-json/oembed/1.0/embed7e95.json]
[www.bodhispa.com/wp-json/oembed/1.0/embed13be]
[www.bodhispa.com/wp-content/uploads/2021/01/bodhi_14-scaled.jpg]
[www.bodhispa.com/product/marta-kodo-massage-with-rocks/index.html]
[www.bodhispa.com/product-category/uncategorized/index.html]
[www.bodhispa.com/product-category/uncategorized/page/2/index.html]
[www.bodhispa.com/wp-json/wp/v2/product/92411.json]
[www.bodhispa.com/wp-json/oembed/1.0/embed0c27.json]
[www.bodhispa.com/wp-json/oembed/1.0/embedc9d0]
[www.bodhispa.com/wp-content/uploads/2022/08/Good_Morning_Lifestyle_08_22_06-200x300.jpg]
[www.bodhispa.com/wp-content/uploads/2022/09/PI_COSPF400_1_AU_Coconut_SPF_400mL_front-300x300.jpg]
[www.bodhispa.com/wp-content/uploads/2021/02/MUKTI-PR-ADDay-scaled-1-300x300.jpg]
[www.bodhispa.com/wp-content/uploads/2022/09/PI_COSPF200_1_AU_Coconut_SPF_200mL_front-300x300.jpg]
[www.bodhispa.com/product/coconut-sunscreen-spf-50-200ml/index.html]
[www.bodhispa.com/wp-content/uploads/2022/08/EL-Illuminating-Face-Body-Oil-Bottle-1-1-270x300.jpg]
[www.bodhispa.com/product/good-morning-spf-50-50ml/index.html]
[www.bodhispa.com/product/age-defiance-day-serum-30ml/index.html]
[www.bodhispa.com/product/illuminating-face-body-oil-115ml/index.html]
[www.bodhispa.com/wp-json/wp/v2/product/92568.json]
[www.bodhispa.com/wp-json/oembed/1.0/embedaf60.json]
[www.bodhispa.com/wp-json/oembed/1.0/embed694d]
[www.bodhispa.com/wp-content/uploads/2022/09/PI_SENBM200_1_AU_Sensitive_BM_200mL_back-300x290.png]
[www.bodhispa.com/wp-content/uploads/2022/09/Sensitive_Body_Milk_InSitu_08_22_@eszt_01-200x300.jpg]
[www.bodhispa.com/wp-content/uploads/2022/09/PI_SISPF400_1_AU_Signature_SPF_400ml_front-300x300.jpg]
[www.bodhispa.com/wp-content/uploads/2022/08/EL-Skin-Reset-Eye-Creme-Jar-1-270x300.jpg]
[www.bodhispa.com/wp-content/uploads/2022/08/EL-Supernatural-Sleeping-Mask-Refill-Pod-2-270x300.jpg]
[www.bodhispa.com/product/sensitive-body-milk-200ml/index.html]
[www.bodhispa.com/product/signature-sunscreen-spf-50-400ml/index.html]
[www.bodhispa.com/product/supernatural-sleeping-mask-refill/index.html]
[www.bodhispa.com/wp-json/wp/v2/product/80861.json]
[www.bodhispa.com/wp-json/oembed/1.0/embed3bdb.json]
[www.bodhispa.com/wp-json/oembed/1.0/embedd6a0]
[www.bodhispa.com/wp-content/uploads/2021/12/EL-Supernatural-Face-Creme-Riche-Swatch-1-270x300.jpg]
[www.bodhispa.com/wp-content/uploads/2021/12/EL-Supernatural-Face-Creme-Riche-Jar-2-270x300.jpg]
[www.bodhispa.com/wp-content/uploads/2022/08/EL-Skin-Reset-Eye-Creme-Refill-Pod-2-1-270x300.jpg]
[www.bodhispa.com/product/supernatural-72-hour-creme/index.html]
[www.bodhispa.com/wp-json/wp/v2/product/92579.json]
[www.bodhispa.com/product/skin-reset-eye-creme-refill/index.html]
[www.bodhispa.com/wp-json/oembed/1.0/embed482b]
[www.bodhispa.com/wp-content/uploads/2022/09/PI_SZLIG50_1_AU_Light_StickyZinc_50g_Back-300x300.png]
[www.bodhispa.com/wp-content/uploads/2022/09/Sticky_Zinc_InSitu_08_22_@glennferguson_01-210x300.jpg]
[www.bodhispa.com/wp-content/uploads/2022/09/PI_COBM400_1_AU_Coco_Milk_BM_400mL_front-300x300.jpg]
[www.bodhispa.com/product/coco-milk-200ml/index.html]
[www.bodhispa.com/wp-content/uploads/2022/09/PI_COBM200_1_AU_Coco_Milk_BM_200mL_front-300x300.jpg]
[www.bodhispa.com/product/sticky-zinc-light-tint-50g/index.html]
[www.bodhispa.com/product/coco-milk-400ml/index.html]
[www.bodhispa.com/wp-json/wp/v2/product/92122.json]
[www.bodhispa.com/wp-json/oembed/1.0/embedaba7.json]
[www.bodhispa.com/wp-json/oembed/1.0/embed9a1b]
[www.bodhispa.com/wp-content/uploads/2022/08/EL-Illuminating-Face-Body-Oil-Refill-Pouch-270x300.jpg]
[www.bodhispa.com/wp-content/uploads/2022/08/EL-Illuminating-Face-Body-Oil-Swatch-270x300.jpg]
[www.bodhispa.com/wp-content/uploads/2021/12/EL-Illuminating-Brighten-Your-Day-Creme-Jar-1-270x300.jpg]
[www.bodhispa.com/wp-content/uploads/2021/12/EL-Skin-Reset-Face-Serum-Jar-1-270x300.jpg]
[www.bodhispa.com/product/illuminating-face-body-oil-refill-115ml/index.html]
[www.bodhispa.com/product/illuminating-brighten-your-day-creme/index.html]
[www.bodhispa.com/wp-json/wp/v2/product/92071.json]
[www.bodhispa.com/wp-json/oembed/1.0/embeda0f2.json]
[www.bodhispa.com/wp-json/oembed/1.0/embedcc1f]
[www.bodhispa.com/wp-content/uploads/2022/08/EL-Supernatural-Sleeping-Mask-Swatch-1-270x300.jpg]
[www.bodhispa.com/wp-content/uploads/2022/08/EL-Supernatural-Sleeping-Mask-Jar-2-1-270x300.jpg]
[www.bodhispa.com/product/supernatural-sleeping-mask/index.html]
[www.bodhispa.com/wp-json/wp/v2/product/92604.json]
[www.bodhispa.com/wp-json/oembed/1.0/embed4581.json]
[www.bodhispa.com/wp-json/oembed/1.0/embed091c-2]
[www.bodhispa.com/wp-content/uploads/2022/09/PI_KPBM400_1_AU_Kakadu_Plum_BM_400ml_back-300x300.png]
[www.bodhispa.com/product/kakadu-plum-body-milk-400ml-2/index.html]
[www.bodhispa.com/wp-json/wp/v2/product/92551.json]
[www.bodhispa.com/wp-json/oembed/1.0/embedb90b.json]
[www.bodhispa.com/wp-json/oembed/1.0/embede179]
[www.bodhispa.com/wp-content/uploads/2022/09/PI_SISPF200_1_AU_Signature_SPF_200ml_back-300x290.jpg]
[www.bodhispa.com/wp-content/uploads/2022/09/Signature_InSitu_08_22_02-200x300.jpg]
[www.bodhispa.com/product/signature-sunscreen-spf-50-200ml/index.html]
[www.bodhispa.com/wp-json/wp/v2/product/86569.json]
[www.bodhispa.com/wp-json/oembed/1.0/embedab17.json]
[www.bodhispa.com/wp-json/oembed/1.0/embed4488]
[www.bodhispa.com/wp-content/uploads/2021/02/MUKTI-Shop-Wash-300dpiMASTER-scaled.jpg]
[www.bodhispa.com/wp-content/uploads/2022/09/Product_Image_KPBM200_1_AU_Kakadu_Plum_SPF_200mL_front-300x300.jpg]
[www.bodhispa.com/wp-content/uploads/2022/03/EL-The-Essentials-Mini-Set-1-1-270x300.jpg]
[www.bodhispa.com/product/botanique-wash-360ml/index.html]
[www.bodhispa.com/product/the-emma-lewisham-essentials/index.html]
[www.bodhispa.com/wp-json/wp/v2/product/92601.json]
[www.bodhispa.com/product/kakadu-plum-body-milk-200ml/index.html]
[www.bodhispa.com/wp-json/oembed/1.0/embed8951.json]
[www.bodhispa.com/wp-json/oembed/1.0/embed4597]
[www.bodhispa.com/wp-content/uploads/2022/09/PI_KPSPF400_1_AU_Kakadu_Plum_SPF_400ml_back-300x300.png]
[www.bodhispa.com/product/kakadu-plum-sunscreen-spf-400ml/index.html]
[www.bodhispa.com/wp-json/wp/v2/product/92595.json]
[www.bodhispa.com/wp-json/oembed/1.0/embed273b.json]
[www.bodhispa.com/wp-json/oembed/1.0/embedb230]
[www.bodhispa.com/wp-content/uploads/2022/09/PI_KPSPF200_1_AU_Kakadu_Plum_SPF_200mL_back-300x290.jpg]
[www.bodhispa.com/wp-content/uploads/2022/09/Kakadu_Plum_SPF_InSitu_08_22_@eszt_01-200x300.jpg]
[www.bodhispa.com/product/kakadu-plum-sunscreen-spf-200ml/index.html]
[www.bodhispa.com/wp-json/wp/v2/product/92560.json]
[www.bodhispa.com/wp-json/oembed/1.0/embeddf9c.json]
[www.bodhispa.com/wp-json/oembed/1.0/embedc3b7]
[www.bodhispa.com/wp-content/uploads/2022/09/PI_SESPF200_1_AU_Sensitive_SPF_200mL_back-300x290.png]
[www.bodhispa.com/wp-content/uploads/2022/09/Sensitive_SPF_InSitu_8_22_@eszt_-200x300.jpg]
[www.bodhispa.com/product/sensitive-sunscreen-spf-50-200ml/index.html]
[www.bodhispa.com/wp-json/wp/v2/product/46216.json]
[www.bodhispa.com/wp-json/oembed/1.0/embed39d0.json]
[www.bodhispa.com/wp-json/oembed/1.0/embed9e63]
[www.bodhispa.com/wp-content/uploads/2021/02/MUKTI-PR-ADNight-scaled-1.jpg]
[www.bodhispa.com/wp-content/uploads/2021/02/Rejuvenate-Face-Mist-100ml-197x300.jpg]
[www.bodhispa.com/wp-content/uploads/2021/02/New-Sleek-Moisturiser-002-200x300.png]
[www.bodhispa.com/product/mankind-sleek-moisturiser-50ml/index.html]
[www.bodhispa.com/wp-content/uploads/2021/02/Samadara-Jar-Only-1-300x300.jpg]
[www.bodhispa.com/wp-content/uploads/2021/02/Calming-FN-Moist-100ml-1-300x300.jpg]
[www.bodhispa.com/wp-content/uploads/2021/02/Everyface-Eye-Lift-Gel-50ml-169x300.jpg]
[www.bodhispa.com/product/samadara-ultimate-age-defying-creme-50ml/index.html]
[www.bodhispa.com/product/calming-face-and-neck-moisturiser-100ml/index.html]
[www.bodhispa.com/wp-content/uploads/2021/02/Everyface-EyeLip-Sm2BBBA6-192x300.jpg]
[www.bodhispa.com/wp-content/uploads/2021/02/Rejuvenate-Serum-192x300.jpg]
[www.bodhispa.com/product/eye-and-lip-smoother-30ml/index.html]
[www.bodhispa.com/product/eye-lifting-gel-50ml/index.html]
[www.bodhispa.com/wp-content/uploads/2021/02/150ml-sandalwood-cleanser-200x300.jpg]
[www.bodhispa.com/product/rejuvenating-serum-30ml/index.html]
[www.bodhispa.com/wp-content/uploads/2021/02/Rejuvenating-FN-Moist-100ml-300x300.jpg]
[www.bodhispa.com/product/calm-clay-cleanser-with-sandalwood-150ml/index.html]
[www.bodhispa.com/wp-content/uploads/2021/02/Samadara-Ult-Age-Def2D9053-172x300.jpg]
[www.bodhispa.com/wp-content/uploads/2021/02/Mankind-Skin-Restore-50ml-1-1-169x300.jpg]
[www.bodhispa.com/product/samadara-ultimate-age-defying-elixir-20ml/index.html]
[www.bodhispa.com/wp-content/uploads/2021/02/Balance-Skin-Boost-50ml-169x300.jpg]
[www.bodhispa.com/product/age-defiance-night-serum-30ml/index.html]
[www.bodhispa.com/product/mankind-skin-restore-50ml/index.html]
[www.bodhispa.com/product/balancing-skin-boost-50ml/index.html]
[www.bodhispa.com/product/sensitive-sunscreen-spf-50-400ml/index.html]
[www.bodhispa.com/wp-json/oembed/1.0/embed680a.json]
[www.bodhispa.com/wp-json/oembed/1.0/embed01d7]
[www.bodhispa.com/wp-content/uploads/2022/09/PI_PAW25_1_AU_Pawpaw_25g_back-300x300.jpg]
[www.bodhispa.com/wp-content/uploads/2022/09/Pawpaw_InSitu_08_22_06-200x300.jpg]
[www.bodhispa.com/product/pawpaw-nectar-25g/index.html]
[www.bodhispa.com/wp-json/wp/v2/product/92573.json]
[www.bodhispa.com/wp-json/oembed/1.0/embedb390.json]
[www.bodhispa.com/wp-json/oembed/1.0/embed0e41]
[www.bodhispa.com/wp-content/uploads/2022/09/PI_SENBM400_1_AU_Sensitive_BM_400mL_back-300x300.png]
[www.bodhispa.com/wp-content/uploads/2022/09/Sensitive_Body_Milk_InSitu_08_22_@oceanaimee_01-240x300.jpg]
[www.bodhispa.com/product/sensitive-body-milk-400ml/index.html]
[www.bodhispa.com/wp-json/wp/v2/product/92508.json]
[www.bodhispa.com/wp-json/oembed/1.0/embedd706.json]
[www.bodhispa.com/wp-json/oembed/1.0/embed9196]
[www.bodhispa.com/wp-content/uploads/2022/09/WAFGI-Cocoa_Lip_Balm-Render-back-300x300.jpg]
[www.bodhispa.com/wp-content/uploads/2022/09/Cocoa_Lip_Balm_InSitu_08_22_@veranording_03-200x300.jpg]
[www.bodhispa.com/product/cocoa-lip-balm-spf-50-8ml/index.html]
[www.bodhispa.com/wp-json/wp/v2/product/92584.json]
[www.bodhispa.com/wp-json/oembed/1.0/embed8f79.json]
[www.bodhispa.com/wp-json/oembed/1.0/embed4948]
[www.bodhispa.com/wp-content/uploads/2022/09/PI_SZMED50_1_AU_Medium_StickyZinc_50g_Back-300x300.png]
[www.bodhispa.com/wp-content/uploads/2022/09/Sticky_Zinc_InSitu_08_22_@liamfawell-200x300.jpg]
[www.bodhispa.com/product/sticky-zinc-medium-tint-50g/index.html]
[www.bodhispa.com/wp-json/wp/v2/product/46368.json]
[www.bodhispa.com/wp-json/oembed/1.0/embed8c82.json]
[www.bodhispa.com/wp-json/oembed/1.0/embedd165]
[www.bodhispa.com/wp-content/uploads/2021/03/Bodhi_Cottesloe_19-scaled.jpg]
[www.bodhispa.com/product/gua-sha-facial-massage-add-on-treatment/index.html]
[www.bodhispa.com/wp-json/wp/v2/product/46555.json]
[www.bodhispa.com/wp-json/oembed/1.0/embedb7d5.json]
[www.bodhispa.com/wp-json/oembed/1.0/embedfa19]
[www.bodhispa.com/wp-content/uploads/2021/06/BodhiSpas_Injidup_GiftVoucher-12.jpg]
[www.bodhispa.com/product/fixed-amount-gift-voucher/index.html]
[www.bodhispa.com/wp-json/wp/v2/product/46340.json]
[www.bodhispa.com/wp-json/oembed/1.0/embed5f01.json]
[www.bodhispa.com/product/marta-kodo-massage/index.html]
[www.bodhispa.com/wp-json/oembed/1.0/embed05a7]
[www.bodhispa.com/wp-json/wp/v2/product/46336.json]
[www.bodhispa.com/wp-json/oembed/1.0/embed653f.json]
[www.bodhispa.com/product/tension-release-massage/index.html]
[www.bodhispa.com/wp-json/oembed/1.0/embedc64f]
[www.bodhispa.com/wp-json/wp/v2/product/46390.json]
[www.bodhispa.com/wp-json/oembed/1.0/embed1772.json]
[www.bodhispa.com/wp-json/oembed/1.0/embed240b]
[www.bodhispa.com/wp-content/uploads/2021/02/Bodhi_Cottesloe_01-1-200x300.jpg]
[www.bodhispa.com/wp-content/uploads/2021/04/BodhiJ_Westin16-300x200.jpg]
[www.bodhispa.com/product/bodhi-ultimate-retreat/index.html]
[www.bodhispa.com/wp-json/wp/v2/product/46326.json]
[www.bodhispa.com/wp-json/oembed/1.0/embed9441.json]
[www.bodhispa.com/product/hydrate-renew-facial/index.html]
[www.bodhispa.com/wp-json/oembed/1.0/embed5d12]
[www.bodhispa.com/wp-content/uploads/2021/02/shutterstock_1030562737-scaled-e1617774948676-295x300.jpg]
[www.bodhispa.com/wp-json/wp/v2/product/46350.json]
[www.bodhispa.com/wp-json/oembed/1.0/embed4539.json]
[www.bodhispa.com/wp-json/oembed/1.0/embed00a4]
[www.bodhispa.com/wp-content/uploads/2021/02/BodhiSpas_Injidup_SpaTreatments-Jordan-50-scaled.jpg]
[www.bodhispa.com/product/bodhi-man-renew-body/index.html]
[www.bodhispa.com/wp-json/wp/v2/product/46376.json]
[www.bodhispa.com/wp-json/oembed/1.0/embed9218.json]
[www.bodhispa.com/wp-json/oembed/1.0/embede39a]
[www.bodhispa.com/wp-content/uploads/2021/02/pexels-janko-ferlic-1692050-scaled.jpg]
[www.bodhispa.com/product/bodhi-pregnancy-nurture/index.html]
[www.bodhispa.com/wp-json/wp/v2/product/47486]
[www.bodhispa.com/wp-json/wp/v2/product/46330.json]
[www.bodhispa.com/wp-json/oembed/1.0/embedb2e5.json]
[www.bodhispa.com/product/age-defiance-facial/index.html]
[www.bodhispa.com/wp-json/oembed/1.0/embed689d]
[www.bodhispa.com/wp-json/wp/v2/product/46333.json]
[www.bodhispa.com/wp-json/oembed/1.0/embede82e.json]
[www.bodhispa.com/wp-json/oembed/1.0/embed707f]
[www.bodhispa.com/wp-content/uploads/2021/06/BodhiSpas_Injidup_SpaTreatments-Jordan-12-scaled.jpg]
[www.bodhispa.com/product/bodhi-head-massage/index.html]
[www.bodhispa.com/wp-json/wp/v2/product/46367]
[www.bodhispa.com/wp-content/plugins/woocommerce/assets/js/frontend/lost-password.min3c21.js]
[www.bodhispa.com/account/lost-password/index.html]
[www.bodhispa.com/wp-includes/fonts/dashicons7d4b.eot]
[www.bodhispa.com/wp-includes/fonts/dashicons7d4b.ttf]
[www.bodhispa.com/wp-includes/css/dashicons.min9b2d.css]
[www.bodhispa.com/appointments/indexebd4.html]
[www.bodhispa.com/appointments/index5f3d.html]
[www.bodhispa.com/appointments/indexacd4.html]
[www.bodhispa.com/appointments/indexf816.html]
[www.bodhispa.com/appointments/index1361.html]
[www.bodhispa.com/wp-content/plugins/gravityforms/fonts/gform-icons-theme1bee.svg]
[www.bodhispa.com/wp-content/plugins/gravityforms/images/gf-creditcards.svg]
[www.bodhispa.com/wp-content/plugins/gravityforms/images/gf-creditcards-check.svg]
[www.bodhispa.com/wp-content/plugins/gravityforms/images/list-add.svg]
[www.bodhispa.com/wp-content/plugins/gravityforms/images/list-remove.svg]
[www.bodhispa.com/product-category/treatments/massages/index.html]
[www.bodhispa.com/wp-content/uploads/2021/01/bodhi_177-683x1024.jpg]
[www.bodhispa.com/gift-voucher-faq/index.html]
[www.bodhispa.com/appointments/indexfe88.html]
[www.bodhispa.com/product-category/treatments/massages/feed/index.html]
[www.bodhispa.com/wp-json/oembed/1.0/embedac76]
[www.bodhispa.com/wp-content/uploads/2021/02/Bodhi_Cottesloe_25-scaled-e1616986382626-830x1024.jpg]
[www.bodhispa.com/product-category/treatments/body-therapy/index.html]
[www.bodhispa.com/appointments/indexa962.html]
[www.bodhispa.com/appointments/index1c71.html]
[www.bodhispa.com/wp-content/uploads/2021/02/BodhiSpas_Injidup_SpaTreatments-Jordan-17-1024x683.jpg]
[www.bodhispa.com/product-category/treatments/bodhi-man/index.html]
[www.bodhispa.com/appointments/indexf4e5.html]
[www.bodhispa.com/product/marta-kodo-massage-for-pregnancy/index.html]
[www.bodhispa.com/appointments/index80e8.html]
[www.bodhispa.com/appointments/indexc60e.html]
[www.bodhispa.com/appointments/index7ec4.html]
[www.bodhispa.com/wp-content/uploads/2021/03/Bodhi_Cottesloe_15-683x1024.jpg]
[www.bodhispa.com/product-category/treatments/wellness/index.html]
[www.bodhispa.com/product-category/treatments/body-therapy/feed/index.html]
[www.bodhispa.com/product/bodhi-salt-scrub/index.html]
[www.bodhispa.com/appointments/index2b5a.html]
[www.bodhispa.com/wp-content/uploads/2021/01/BodhiSpas_Injidup_SpaTreatments-Katie-19-1024x1024.jpg]
[www.bodhispa.com/product-category/treatments/add-ons/index.html]
[www.bodhispa.com/appointments/index7935.html]
[www.bodhispa.com/product/vanilla-bliss-scrub/index.html]
[www.bodhispa.com/product-category/treatments/spa-packages/index.html]
[www.bodhispa.com/product/contour-body-wrap/index.html]
[www.bodhispa.com/product-category/treatments/bodhi-man/feed/index.html]
[www.bodhispa.com/appointments/index199b.html]
[www.bodhispa.com/product-category/treatments/pregnancy-safe/index.html]
[www.bodhispa.com/appointments/index88cb.html]
[www.bodhispa.com/wp-content/uploads/2021/06/BodhiSpas_Injidup_SpaTreatments-Katie-37-1024x1024.jpg]
[www.bodhispa.com/product-category/treatments/beauty-therapy/index.html]
[www.bodhispa.com/appointments/index0ed6.html]
[www.bodhispa.com/appointments/indexeefb.html]
[www.bodhispa.com/appointments/indexc149.html]
[www.bodhispa.com/appointments/index733b.html]
[www.bodhispa.com/product-category/treatments/add-ons/feed/index.html]
[www.bodhispa.com/wp-content/uploads/2021/06/BodhiSpas_Injidup_SpaTreatments-Katie-2-1024x683.jpg]
[www.bodhispa.com/product-category/treatments/specials/index.html]
[www.bodhispa.com/appointments/index9890.html]
[www.bodhispa.com/appointments/index64c2.html]
[www.bodhispa.com/appointments/index8754.html]
[www.bodhispa.com/wp-content/themes/bodhi/dist/img/icon_menu-pregnancy.svg]
[www.bodhispa.com/product-category/treatments/spa-packages/feed/index.html]
[www.bodhispa.com/appointments/indexa16f.html]
[www.bodhispa.com/appointments/indexcdae.html]
[www.bodhispa.com/wp-content/themes/bodhi/dist/img/icon_menu-yallingup.svg]
[www.bodhispa.com/appointments/index4854.html]
[www.bodhispa.com/appointments/index1dc9.html]
[www.bodhispa.com/appointments/index5599.html]
[www.bodhispa.com/appointments/indexa587.html]
[www.bodhispa.com/appointments/indexa4f8.html]
[www.bodhispa.com/appointments/index2b1c.html]
[www.bodhispa.com/appointments/index1bf9.html]
[www.bodhispa.com/appointments/index562f.html]
[www.bodhispa.com/appointments/index1bed.html]
[www.bodhispa.com/appointments/index6664.html]
[www.bodhispa.com/appointments/indexb495.html]
[www.bodhispa.com/wp-json/wp/v2/product/87484.json]
[www.bodhispa.com/product-category/treatments/pregnancy-safe/page/2/index.html]
[www.bodhispa.com/product-category/treatments/pregnancy-safe/feed/index.html]
[www.bodhispa.com/wp-json/oembed/1.0/embed0ba5.json]
[www.bodhispa.com/appointments/indexb974.html]
[www.bodhispa.com/product/waxing/index.html]
[www.bodhispa.com/wp-json/oembed/1.0/embedf495]
[www.bodhispa.com/appointments/indexb8ca.html]
[www.bodhispa.com/product/tinting/index.html]
[www.bodhispa.com/product/bodhi-spa-manicure/index.html]
[www.bodhispa.com/wp-content/uploads/2022/05/BodhiSpas_Injidup_SpaTreatments-Katie-64-1-scaled-e1652672317114-293x300.jpg]
[www.bodhispa.com/appointments/index0f14.html]
[www.bodhispa.com/wp-content/uploads/2021/11/EL-NOV-27-200x300.jpg]
[www.bodhispa.com/product/deluxe-spa-pedicure/index.html]
[www.bodhispa.com/appointments/index2ea9.html]
[www.bodhispa.com/wp-content/uploads/2021/11/EL-NOV-09-200x300.jpg]
[www.bodhispa.com/product/bodhi-emma-lewisham-brightening-facial/index.html]
[www.bodhispa.com/product/deluxe-spa-manicure/index.html]
[www.bodhispa.com/appointments/indexc6a1.html]
[www.bodhispa.com/appointments/index18c8.html]
[www.bodhispa.com/product/bodhi-spa-pedicure/index.html]
[www.bodhispa.com/appointments/index198f.html]
[www.bodhispa.com/appointments/index9097.html]
[www.bodhispa.com/appointments/index7fd7.html]
[www.bodhispa.com/appointments/indexec2e.html]
[www.bodhispa.com/appointments/index01c4.html]
[www.bodhispa.com/product-category/treatments/specials/feed/index.html]
[www.bodhispa.com/appointments/index4ed1.html]
[www.bodhispa.com/product/bodhi-qi-facial-led-light-therapy/index.html]
[www.bodhispa.com/appointments/index2737.html]
[www.bodhispa.com/appointments/indexdc27.html]
[www.bodhispa.com/wp-json/oembed/1.0/embed754c]
[www.bodhispa.com/wp-json/wp/v2/posts/80773.json]
[www.bodhispa.com/talking-planet-positive-skincare-with-emma-lewisham/feed/index.html]
[www.bodhispa.com/wp-json/oembed/1.0/embedca78.json]
[www.bodhispa.com/talking-planet-positive-skincare-with-emma-lewisham/index.html]
[www.bodhispa.com/wp-json/oembed/1.0/embed5582]
[www.bodhispa.com/wp-json/wp/v2/posts/79640.json]
[www.bodhispa.com/what-does-ingestible-collagen-do-for-your-skin/feed/index.html]
[www.bodhispa.com/product/illuminating-oil-cleanser/index.html]
[www.bodhispa.com/wp-json/oembed/1.0/embed81c4.json]
[www.bodhispa.com/wp-json/oembed/1.0/embedfcca]
[www.bodhispa.com/wp-content/uploads/2021/11/NatalieMcGrathJOSOFounderwhitebackground1-scaled-e1635819259423.jpg]
[www.bodhispa.com/wp-content/uploads/2021/11/NatalieMcGrathJOSOFounderwhitebackground1-scaled-e1635819259423-258x300.jpg]
[www.bodhispa.com/what-does-ingestible-collagen-do-for-your-skin/index.html]
[www.bodhispa.com/product/glowso-skin-health-glow-formula/index.html]
[www.bodhispa.com/what-to-expect-when-you-detox-your-body/feed/index.html]
[www.bodhispa.com/what-to-expect-when-you-detox-your-body/index.html]
[www.bodhispa.com/wp-json/oembed/1.0/embedec1b]
[www.bodhispa.com/wp-json/wp/v2/posts/49075.json]
[www.bodhispa.com/the-bodhi-spa-thers-day-gift-guide/feed/index.html]
[www.bodhispa.com/wp-json/oembed/1.0/embed9a6e.json]
[www.bodhispa.com/the-bodhi-spa-thers-day-gift-guide/index.html]
[www.bodhispa.com/wp-json/oembed/1.0/embed62ff]
[www.bodhispa.com/talking-wellness-carla-oats-founder-the-beauty-chef/feed/index.html]
[www.bodhispa.com/wp-json/wp/v2/posts/46449.json]
[www.bodhispa.com/wp-json/oembed/1.0/embed6446.json]
[www.bodhispa.com/wp-json/oembed/1.0/embed5076]
[www.bodhispa.com/wp-content/uploads/2021/03/Carla-Oates.jpg]
[www.bodhispa.com/wp-content/uploads/2021/03/Carla-Oates-300x300.jpg]
[www.bodhispa.com/talking-wellness-carla-oats-founder-the-beauty-chef/index.html]
[www.bodhispa.com/wp-json/oembed/1.0/embed9cd1.json]
[www.bodhispa.com/how-to-treat-hyperpigmentation-naturally/index.html]
[www.bodhispa.com/wp-json/oembed/1.0/embedadf5]
[www.bodhispa.com/wp-json/wp/v2/posts/46443.json]
[www.bodhispa.com/man-maintenance-skincare-tips-for-men/feed/index.html]
[www.bodhispa.com/wp-json/oembed/1.0/embed38fe.json]
[www.bodhispa.com/man-maintenance-skincare-tips-for-men/index.html]
[www.bodhispa.com/wp-json/oembed/1.0/embed6b32]
[www.bodhispa.com/wp-content/uploads/2021/03/pexels-janko-ferlic-1692050-scaled.jpg]
[www.bodhispa.com/self-care-tips-for-mums-to-be/feed/index.html]
[www.bodhispa.com/wp-json/wp/v2/posts/46439.json]
[www.bodhispa.com/wp-json/oembed/1.0/embedc3ee.json]
[www.bodhispa.com/self-care-tips-for-mums-to-be/index.html]
[www.bodhispa.com/wp-json/oembed/1.0/embed4d6b]
[www.bodhispa.com/wp-json/wp/v2/posts/46436.json]
[www.bodhispa.com/all-about-eyes-eye-care-tips/feed/index.html]
[www.bodhispa.com/wp-json/oembed/1.0/embed7f65.json]
[www.bodhispa.com/all-about-eyes-eye-care-tips/index.html]
[www.bodhispa.com/wp-json/oembed/1.0/embed2348]
[www.bodhispa.com/wp-json/wp/v2/posts/1.json]
[www.bodhispa.com/get-the-most-from-your-facial/feed/index.html]
[www.bodhispa.com/wp-json/oembed/1.0/embedfd60.json]
[www.bodhispa.com/wp-json/oembed/1.0/embed405c]
[www.bodhispa.com/wp-content/uploads/2021/02/fleur-kaan-w4Dj3MshHQ0-unsplash-300x200.jpg]
[www.bodhispa.com/get-the-most-from-your-facial/index.html]
[www.bodhispa.com/category/skincare/page/2/index.html]
[www.bodhispa.com/wp-json/wp/v2/categories/56.json]
[www.bodhispa.com/category/news/index.html]
[www.bodhispa.com/category/news/feed/index.html]
[www.bodhispa.com/category/news/page/2/index.html]
[www.bodhispa.com/category/interviews/feed/index.html]
[www.bodhispa.com/category/wellbeing/page/2/index.html]
[www.bodhispa.com/wp-json/wp/v2/categories/54.json]
[www.bodhispa.com/category/wellbeing/index.html]
[www.bodhispa.com/category/wellbeing/feed/index.html]
[www.bodhispa.com/wp-json/wp/v2/posts/95660.json]
[www.bodhispa.com/new-luxury-bodhi-yallingup-spa-brings-immersive-wellness-to-the-margaret-river-region/feed/index.html]
[www.bodhispa.com/wp-json/oembed/1.0/embed702d.json]
[www.bodhispa.com/wp-json/oembed/1.0/embed5e77]
[www.bodhispa.com/wp-content/uploads/2022/10/BodhiSpaYallingup_Reception_Bec-7.jpg]
[www.bodhispa.com/wp-content/uploads/2022/10/BodhiSpaYallingup_Reception_Bec-7-300x200.jpg]
[www.bodhispa.com/wp-content/uploads/2022/10/BodhiSpaYallingup_TreatmentRooms-30.jpg]
[www.bodhispa.com/wp-content/uploads/2022/10/BodhiSpaYallingup_TreatmentRooms-30-300x200.jpg]
[www.bodhispa.com/new-luxury-bodhi-yallingup-spa-brings-immersive-wellness-to-the-margaret-river-region/index.html]
[www.bodhispa.com/location/yallingup-margaret-river/index1126.html]
[www.bodhispa.com/wp-json/oembed/1.0/embed8d0d]
[www.bodhispa.com/wp-json/wp/v2/product/46116.json]
[www.bodhispa.com/wp-json/oembed/1.0/embedafed.json]
[www.bodhispa.com/wp-json/oembed/1.0/embed540d]
[www.bodhispa.com/wp-content/uploads/2021/02/Everyface-Bright-Mar2BBBA3.jpg]
[www.bodhispa.com/wp-content/uploads/2021/02/150ml-clean-skin-emulsion-200x300.jpg]
[www.bodhispa.com/wp-content/uploads/2021/02/Rejuvenate-Plant-Ess2BBBB3-300x300.jpg]
[www.bodhispa.com/wp-content/uploads/2021/02/Mankind-Skin-Karma-A2BBBAB-197x300.jpg]
[www.bodhispa.com/product/mankind-clean-skin-cleanser-and-shaving-emulsion-150ml/index.html]
[www.bodhispa.com/product/rejuvenating-plant-essence-replenish-mask-50ml/index.html]
[www.bodhispa.com/wp-content/uploads/2021/02/Everyface-Recovery-Skin-Boost-50ml-WEB-600x750-322x402-002-240x300.jpg]
[www.bodhispa.com/wp-content/uploads/2021/02/Calm-Gent-Repair-Whi2BBB97-300x300.jpg]
[www.bodhispa.com/product/recovery-skin-boost-50ml/index.html]
[www.bodhispa.com/wp-content/uploads/2021/02/Everyface-Blem-Treat2BBBA2-169x300.jpg]
[www.bodhispa.com/product/everyface-brightening-marine-mineral-mask-50ml/index.html]
[www.bodhispa.com/product/calm-gentle-repair-white-clay-mask-50ml/index.html]
[www.bodhispa.com/wp-json/wp/v2/product/46231.json]
[www.bodhispa.com/product/blemish-treatment-50ml/index.html]
[www.bodhispa.com/wp-json/oembed/1.0/embed4126.json]
[www.bodhispa.com/wp-json/oembed/1.0/embed3f7b]
[www.bodhispa.com/wp-content/uploads/2021/02/MUKTI-PR-HydratingMoisturiser-scaled-1.jpg]
[www.bodhispa.com/wp-content/uploads/2021/02/150ml-balance-clay-cleanser-lime-200x300.jpg]
[www.bodhispa.com/wp-content/uploads/2021/02/Eye-Mask-300x300.png]
[www.bodhispa.com/product/balance-clay-cleanser-with-lime-150ml/index.html]
[www.bodhispa.com/product/eye-mask-50ml/index.html]
[www.bodhispa.com/product/samadara-eye-creme-15ml/index.html]
[www.bodhispa.com/wp-content/uploads/2021/02/Samadara-Eye-creme-300x199.jpg]
[www.bodhispa.com/wp-content/uploads/2021/02/Balance-Balancing-Fa2BBB83-197x300.jpg]
[www.bodhispa.com/wp-content/uploads/2021/02/Rejuvenate-Skin-Boost-50ml-169x300.jpg]
[www.bodhispa.com/product/hydrating-moisturiser-50ml/index.html]
[www.bodhispa.com/product/balancing-face-mist-100ml/index.html]
[www.bodhispa.com/product/rejuvenating-skin-boost-50ml/index.html]
[www.bodhispa.com/wp-json/wp/v2/product/46241.json]
[www.bodhispa.com/wp-json/oembed/1.0/embed63ba.json]
[www.bodhispa.com/wp-json/oembed/1.0/embedf882]
[www.bodhispa.com/wp-content/uploads/2021/02/MUKTI-PR-AloeVeraMoisturiser-scaled-1.jpg]
[www.bodhispa.com/wp-content/uploads/2021/02/Balance-Balancing-Se2BBB84-192x300.jpg]
[www.bodhispa.com/wp-content/uploads/2021/02/Calm-Calming-Skin-Bo2BBB94-169x300.jpg]
[www.bodhispa.com/wp-content/uploads/2021/02/Calm-Calming-Serum-30ml-192x300.jpg]
[www.bodhispa.com/product/balancing-serum-30ml/index.html]
[www.bodhispa.com/wp-content/uploads/2021/02/Balancing-FN-Moist-100ml-300x300.jpg]
[www.bodhispa.com/product/aloe-vera-moisturiser-50ml/index.html]
[www.bodhispa.com/product/calming-serum-30ml/index.html]
[www.bodhispa.com/product/balancing-face-and-neck-moisturiser-100ml/index.html]
[www.bodhispa.com/wp-json/wp/v2/product/46242.json]
[www.bodhispa.com/wp-json/oembed/1.0/embed7e37.json]
[www.bodhispa.com/wp-json/oembed/1.0/embed062a]
[www.bodhispa.com/wp-content/uploads/2021/02/MUKTI-PR-BalancingMoisturiser-scaled-1.jpg]
[www.bodhispa.com/wp-content/uploads/2021/02/Everyface-Bright-Mar2BBBA3-300x300.jpg]
[www.bodhispa.com/wp-content/uploads/2021/02/Nourishing-Repair-100ml-e1479270572556-300x300.jpg]
[www.bodhispa.com/product/balancing-moisturiser-50ml/index.html]
[www.bodhispa.com/wp-json/oembed/1.0/embed4705.json]
[www.bodhispa.com/product/nourishing-repair-treatment-100ml/index.html]
[www.bodhispa.com/wp-content/uploads/2022/01/Body-Brilliance-Cream-scaled.jpg]
[www.bodhispa.com/wp-content/uploads/2021/02/Awaken-Enlivening-Bo2BBB80-197x300.jpg]
[www.bodhispa.com/wp-content/uploads/2021/11/Glowsotablets-scaled-e1635820032653-300x219.jpg]
[www.bodhispa.com/wp-content/uploads/2021/02/MUKTI-Shop-Lotion-300dpiMASTER-300x300.jpg]
[www.bodhispa.com/product-category/body-care/index.html]
[www.bodhispa.com/wp-content/uploads/2021/02/Becalm-Fit-Recv-Body2BBB8A-179x300.jpg]
[www.bodhispa.com/product/enlivening-body-lotion-200ml/index.html]
[www.bodhispa.com/wp-content/uploads/2021/02/Everybody-Bod-Bal-Sa2BBB9D-240x300.jpg]
[www.bodhispa.com/product/botanique-hand-body-lotion-500ml/index.html]
[www.bodhispa.com/product/fitness-recovery-body-oil-100ml/index.html]
[www.bodhispa.com/product/body-balance-salt-therapy-exfoliant-250gm/index.html]
[www.bodhispa.com/wp-content/uploads/2021/02/Everybody-Vit-Rich-B2BBBA1-179x300.jpg]
[www.bodhispa.com/product/vitamin-rich-body-oil-100ml/index.html]
[www.bodhispa.com/wp-content/uploads/2021/02/Everybody-GerLav-Hand-Cream-50ml-1-153x300.jpg]
[www.bodhispa.com/wp-content/uploads/2021/02/Everybody-JasRose-Body-Lotion-200ml-1-149x300.jpg]
[www.bodhispa.com/wp-content/uploads/2021/02/Becalm-Serenity-Body2BBB8C-179x300.jpg]
[www.bodhispa.com/product/geranium-and-lavender-hand-cream-50ml/index.html]
[www.bodhispa.com/wp-content/uploads/2021/02/Everybody-Crystalus-Body-Oil-100ml-179x300.jpg]
[www.bodhispa.com/product/jasmine-and-rose-body-lotion-200ml/index.html]
[www.bodhispa.com/product/serenity-body-oil-100ml/index.html]
[www.bodhispa.com/wp-content/uploads/2021/02/MUKTI-Shop-Deodorant-300dpiMASTER-300x300.jpg]
[www.bodhispa.com/wp-content/uploads/2021/02/OudOil_Medium-200x300.jpg]
[www.bodhispa.com/product/body-brilliance-cream/index.html]
[www.bodhispa.com/product/crystalus-body-oil-100ml/index.html]
[www.bodhispa.com/product/botanique-deodorant-100ml-2/index.html]
[www.bodhispa.com/product/arabian-oud-body-oil-100ml/index.html]
[www.bodhispa.com/wp-json/wp/v2/product/46182.json]
[www.bodhispa.com/wp-json/oembed/1.0/embeda7e9.json]
[www.bodhispa.com/wp-json/oembed/1.0/embed787a]
[www.bodhispa.com/wp-content/uploads/2021/02/TBC_GLOW_HR-e1618372743130.png]
[www.bodhispa.com/wp-content/uploads/2021/02/MUKTI-PR-AntioxidantOil-scaled-1-300x300.jpg]
[www.bodhispa.com/wp-content/uploads/2021/02/Gut-Primer-Web--240x300.png]
[www.bodhispa.com/product/gut-primer-inner-beauty-support-200g/index.html]
[www.bodhispa.com/wp-content/uploads/2021/02/MUKTI-PR-ADEye-scaled-1-300x300.jpg]
[www.bodhispa.com/wp-content/uploads/2021/02/MUKTI-PR-AloeVeraMoisturiser-scaled-1-300x300.jpg]
[www.bodhispa.com/wp-content/uploads/2021/02/MUKTI-PR-2in1Exfoliant-scaled-1-300x300.jpg]
[www.bodhispa.com/product/age-defiance-eye-serum-15ml/index.html]
[www.bodhispa.com/wp-content/uploads/2021/12/EL-Illuminating-Face-Exfoliant-Bottle-1-270x300.jpg]
[www.bodhispa.com/wp-content/uploads/2021/12/EL-Illuminating-Face-Exfoliant-Refill-Pouch-270x300.jpg]
[www.bodhispa.com/product/2-in-1-resurfacing-exfoliant-200ml/index.html]
[www.bodhispa.com/product/illuminating-exfoliant/index.html]
[www.bodhispa.com/product/illuminating-exfoliant-refill-100ml/index.html]
[www.bodhispa.com/wp-content/uploads/2021/12/EL-Illuminating-Face-Cleanser-Bottle-1-1-270x300.jpg]
[www.bodhispa.com/wp-content/uploads/2021/02/MUKTI-PR-HydratingMarigold100-A-scaled-1-300x300.jpg]
[www.bodhispa.com/wp-content/uploads/2021/12/EL-Supernatural-Face-Oil-Refill-Pouch-270x300.jpg]
[www.bodhispa.com/product/glow-inner-beauty-essential-150g/index.html]
[www.bodhispa.com/product/marigold-hydrating-creme-100g/index.html]
[www.bodhispa.com/product/supernatural-vitamin-a-face-oil-refill-30mls/index.html]
[www.bodhispa.com/wp-json/wp/v2/product/81339.json]
[www.bodhispa.com/wp-json/oembed/1.0/embed93d8.json]
[www.bodhispa.com/wp-json/oembed/1.0/embed36a1]
[www.bodhispa.com/wp-content/uploads/2021/12/BodhiSpas_Injidup_SpaTreatments-Katie-46-scaled.jpg]
[www.bodhispa.com/product/spring-nurture/index.html]
[www.bodhispa.com/wp-json/wp/v2/posts/91450.json]
[www.bodhispa.com/we-are-moving-new-bodhi-yallingup-coming-soon/feed/index.html]
[www.bodhispa.com/wp-json/oembed/1.0/embed695f.json]
[www.bodhispa.com/we-are-moving-new-bodhi-yallingup-coming-soon/index.html]
[www.bodhispa.com/wp-json/oembed/1.0/embed58ae]
[www.bodhispa.com/wp-json/wp/v2/product/90549.json]
[www.bodhispa.com/wp-json/oembed/1.0/embed8594.json]
[www.bodhispa.com/product/infrared-sauna-x-5-sessions/index.html]
[www.bodhispa.com/brand/sodashi/indexa759.html]
[www.bodhispa.com/wp-json/oembed/1.0/embed082f]
[www.bodhispa.com/vouchers/facials/index451c.html]
[www.bodhispa.com/brand/sodashi/feed/index.html]
[www.bodhispa.com/wp-json/oembed/1.0/embedd9db.json]
[www.bodhispa.com/brand/sodashi/page/2/index.html]
[www.bodhispa.com/wp-json/oembed/1.0/embedf1bd]
[www.bodhispa.com/wp-content/uploads/2021/02/150ml-lavender-cleanser.jpg]
[www.bodhispa.com/wp-content/uploads/2021/02/EFP-300x300.png]
[www.bodhispa.com/product/rejuvenating-clay-cleanser-with-lavender-150ml/index.html]
[www.bodhispa.com/product/enzyme-face-polish-50ml/index.html]
[www.bodhispa.com/wp-json/wp/v2/product/46106.json]
[www.bodhispa.com/wp-json/oembed/1.0/embed2875.json]
[www.bodhispa.com/wp-json/oembed/1.0/embed22f8]
[www.bodhispa.com/wp-content/uploads/2021/02/Rejuvenating-face-and-neck-1-300x300.jpg]
[www.bodhispa.com/wp-content/uploads/2021/02/Calm-Calming-RoseFa2BBB92-197x300.jpg]
[www.bodhispa.com/product/rejuvenating-face-and-neck-moisturiser-100ml/index.html]
[www.bodhispa.com/wp-json/wp/v2/product/46102.json]
[www.bodhispa.com/product/calming-rose-face-mist-100ml/index.html]
[www.bodhispa.com/wp-json/oembed/1.0/embedc3f4.json]
[www.bodhispa.com/wp-json/oembed/1.0/embeddc46]
[www.bodhispa.com/wp-content/uploads/2021/02/Calm-Calming-Skin-Bo2BBB94.jpg]
[www.bodhispa.com/product/calming-skin-boost-50ml/index.html]
[www.bodhispa.com/wp-json/wp/v2/product/46150.json]
[www.bodhispa.com/wp-json/oembed/1.0/embed726b.json]
[www.bodhispa.com/wp-json/oembed/1.0/embed7f2b]
[www.bodhispa.com/wp-content/uploads/2021/02/Sodashi-Chakra-Balance-4-Love.jpg]
[www.bodhispa.com/wp-content/uploads/2021/02/Sodashi-Chakra-Balance-6-Intuition-200x300.jpg]
[www.bodhispa.com/product-category/chakra-oils/index.html]
[www.bodhispa.com/wp-content/uploads/2021/02/Sodashi-Chakra-Balance-7-Cognition-200x300.jpg]
[www.bodhispa.com/product/chakra-balance-6-intuition-10ml/index.html]
[www.bodhispa.com/wp-content/uploads/2021/02/Sodashi-Chakra-Balance-3-Power-200x300.jpg]
[www.bodhispa.com/product/chakra-balance-7-cognition-10ml/index.html]
[www.bodhispa.com/product/chakra-balance-5-communication-10ml/index.html]
[www.bodhispa.com/product/chakra-balance-2-sexuality-10ml/index.html]
[www.bodhispa.com/wp-content/uploads/2021/02/Sodashi-Chakra-Balance-1-Survival-200x300.jpg]
[www.bodhispa.com/product/chakra-balance-4-love-10ml/index.html]
[www.bodhispa.com/product/chakra-balance-3-power-10ml/index.html]
[www.bodhispa.com/product/the-perfect-gift/index.html]
[www.bodhispa.com/vouchers/dollar-amount/index.html]
[www.bodhispa.com/product-category/face/page/2/index.html]
[www.bodhispa.com/the-bodhi-ultimate-christmas-gift-guide/feed/index.html]
[www.bodhispa.com/wp-json/wp/v2/posts/81601]
[www.bodhispa.com/product/chakra-balance-1-survival-10ml/index.html]
[www.bodhispa.com/product-category/face/index1a15.html]
[www.bodhispa.com/product-category/body-care/indexfeff.html]
[www.bodhispa.com/product-category/inner-health/index8487.html]
[www.bodhispa.com/product-category/beauty-tools/index8b77.html]
[www.bodhispa.com/product-category/face/page/3/index.html]
[www.bodhispa.com/product-category/hair-care/index9c23.html]
[www.bodhispa.com/product-category/beauty-tools/feed/index.html]
[www.bodhispa.com/product-category/aromatherapy-oil-blends/indexfadb.html]
[www.bodhispa.com/product-category/beauty-tools/index.html]
[www.bodhispa.com/brand/emma-lewisham/index2764.html]
[www.bodhispa.com/brand/slug/indexe180.html]
[www.bodhispa.com/brand/mukti/index9583.html]
[www.bodhispa.com/brand/emma-lewisham/feed/index.html]
[www.bodhispa.com/brand/beauty-chef/index6ea3.html]
[www.bodhispa.com/product-category/hair-care/index.html]
[www.bodhispa.com/brand/we-are-feel-good-inc/index9049.html]
[www.bodhispa.com/brand/emma-lewisham/page/2/index.html]
[www.bodhispa.com/brand/slug/index.html]
[www.bodhispa.com/vouchers/index.html]
[www.bodhispa.com/brand/slug/feed/index.html]
[www.bodhispa.com/brand/beauty-chef/feed/index.html]
[www.bodhispa.com/appointments/indexe8a3.html]
[www.bodhispa.com/brand/mukti/page/2/index.html]
[www.bodhispa.com/wp-content/plugins/bodhi-addtocart/assets/main9b2d.css]
[www.bodhispa.com/vouchers/massages/index.html]
[www.bodhispa.com/brand/we-are-feel-good-inc/index.html]
[www.bodhispa.com/brand/we-are-feel-good-inc/feed/index.html]
[www.bodhispa.com/wp-json/oembed/1.0/embed59f5]
[www.bodhispa.com/vouchers/add-ons/index.html]
[www.bodhispa.com/vouchers/spa-packages/index.html]
[www.bodhispa.com/vouchers/pregnancy-safe/index.html]
[www.bodhispa.com/vouchers/beauty-therapies/index.html]
[www.bodhispa.com/vouchers/body-therapies/index.html]
[www.bodhispa.com/vouchers/specials/index.html]
[www.bodhispa.com/vouchers/wellness/index.html]
[www.bodhispa.com/vouchers/pregnancy-safe/feed/index.html]
[www.bodhispa.com/vouchers/beauty-therapies/feed/index.html]
[www.bodhispa.com/product-category/uncategorized/page/2/index.html]
[www.bodhispa.com/wp-json/oembed/1.0/embed73de]
[www.bodhispa.com/wp-json/oembed/1.0/embedd23d]
[www.bodhispa.com/product-category/uncategorized/feed/index.html]
[www.bodhispa.com/wp-json/wp/v2/product/46215.json]
[www.bodhispa.com/product/coconut-sunscreen-spf-50-400ml/index.html]
[www.bodhispa.com/wp-json/oembed/1.0/embed6746.json]
[www.bodhispa.com/wp-json/oembed/1.0/embedf2d7]
[www.bodhispa.com/wp-content/uploads/2021/02/MUKTI-PR-ADDay-scaled-1.jpg]
[www.bodhispa.com/product/age-defiance-day-serum-30ml/index.html]
[www.bodhispa.com/wp-json/wp/v2/product/92517.json]
[www.bodhispa.com/wp-json/oembed/1.0/embedd419.json]
[www.bodhispa.com/wp-json/oembed/1.0/embed74d5]
[www.bodhispa.com/wp-content/uploads/2022/09/PI_COSPF200_1_AU_Coconut_SPF_200mL_back-300x290.png]
[www.bodhispa.com/wp-content/uploads/2022/09/Coconut_SPF_InSitu_8_22_@jordyandjosh-200x300.jpg]
[www.bodhispa.com/product/coconut-sunscreen-spf-50-200ml/index.html]
[www.bodhispa.com/wp-json/wp/v2/product/92115.json]
[www.bodhispa.com/wp-json/oembed/1.0/embed0164.json]
[www.bodhispa.com/wp-json/oembed/1.0/embed3d0f]
[www.bodhispa.com/wp-content/uploads/2022/08/EL-Illuminating-Face-Body-Oil-Bottle-3-270x300.jpg]
[www.bodhispa.com/product/illuminating-face-body-oil-115ml/index.html]
[www.bodhispa.com/wp-json/wp/v2/product/92555.json]
[www.bodhispa.com/wp-json/oembed/1.0/embed7a4f.json]
[www.bodhispa.com/wp-json/oembed/1.0/embed1d47]
[www.bodhispa.com/wp-content/uploads/2022/09/PI_SISPF400_1_AU_Signature_SPF_400ml_back-300x300.png]
[www.bodhispa.com/wp-content/uploads/2022/09/Signature_InSitu_08_22_@ttomwalkerr_02-200x300.jpg]
[www.bodhispa.com/product/signature-sunscreen-spf-50-400ml/index.html]
[www.bodhispa.com/wp-json/oembed/1.0/embed7f96.json]
[www.bodhispa.com/product/skin-reset-eye-creme/index.html]
[www.bodhispa.com/wp-json/oembed/1.0/embedbc68]
[www.bodhispa.com/wp-content/uploads/2022/08/EL-Supernatural-Sleeping-Mask-Swatch-270x300.jpg]
[www.bodhispa.com/wp-content/uploads/2022/08/EL-Supernatural-Sleeping-Mask-Refill-Pod-1-270x300.jpg]
[www.bodhispa.com/product/supernatural-sleeping-mask-refill/index.html]
[www.bodhispa.com/wp-json/wp/v2/product/92074.json]
[www.bodhispa.com/wp-json/oembed/1.0/embed08cb.json]
[www.bodhispa.com/wp-json/oembed/1.0/embed7ebb]
[www.bodhispa.com/wp-content/uploads/2022/08/EL-Skin-Reset-Eye-Creme-Swatch-2-270x300.jpg]
[www.bodhispa.com/wp-content/uploads/2022/08/EL-Skin-Reset-Eye-Creme-Refill-Pod-1-270x300.jpg]
[www.bodhispa.com/product/skin-reset-eye-creme-refill/index.html]
[www.bodhispa.com/wp-json/oembed/1.0/embedd51e]
[www.bodhispa.com/wp-json/wp/v2/product/92530.json]
[www.bodhispa.com/wp-json/oembed/1.0/embed83c5.json]
[www.bodhispa.com/wp-json/oembed/1.0/embed8014]
[www.bodhispa.com/wp-content/uploads/2022/09/PI_COBM400_1_AU_Coco_Milk_BM_400mL_back-300x300.png]
[www.bodhispa.com/wp-content/uploads/2022/09/Coco_Milk_InSitu_08_22_@veranording_01-200x300.jpg]
[www.bodhispa.com/product/coco-milk-400ml/index.html]
[www.bodhispa.com/wp-json/wp/v2/product/92525.json]
[www.bodhispa.com/wp-json/oembed/1.0/embeded77.json]
[www.bodhispa.com/wp-json/oembed/1.0/embed2008]
[www.bodhispa.com/wp-content/uploads/2022/09/PI_COBM200_1_AU_Coco_Milk_BM_200mL_back-300x290.png]
[www.bodhispa.com/wp-content/uploads/2022/09/Coco_Milk_InSitu_08_22_@eszt_02-200x300.jpg]
[www.bodhispa.com/product/coco-milk-200ml/index.html]
[www.bodhispa.com/wp-json/wp/v2/product/80871.json]
[www.bodhispa.com/wp-json/oembed/1.0/embed5400.json]
[www.bodhispa.com/wp-json/oembed/1.0/embedfdc9]
[www.bodhispa.com/wp-content/uploads/2021/12/EL-Illuminating-Brighten-Your-Day-Creme-Swatch-2-270x300.jpg]
[www.bodhispa.com/wp-content/uploads/2021/12/EL-Illuminating-Brighten-Your-Day-Creme-Jar-2-270x300.jpg]
[www.bodhispa.com/product/illuminating-brighten-your-day-creme/index.html]
[www.bodhispa.com/wp-json/wp/v2/product/92588.json]
[www.bodhispa.com/product/skin-reset-serum/index.html]
[www.bodhispa.com/wp-json/oembed/1.0/embedd8fd]
[www.bodhispa.com/wp-content/uploads/2022/09/Product_Image_KPBM200_1_AU_Kakadu_Plum_SPF_200mL_back-300x290.jpg]
[www.bodhispa.com/wp-content/uploads/2022/09/Kakadu_Plum_Body_Milk_InSitu_08_22_@eszt_-200x300.jpg]
[www.bodhispa.com/product/kakadu-plum-body-milk-200ml/index.html]
[www.bodhispa.com/wp-json/wp/v2/product/86581.json]
[www.bodhispa.com/wp-json/oembed/1.0/embed0c32.json]
[www.bodhispa.com/wp-json/oembed/1.0/embed840b]
[www.bodhispa.com/wp-content/uploads/2022/03/EL-The-Essentials-Mini-Set-1-270x300.jpg]
[www.bodhispa.com/wp-content/uploads/2022/03/EL-The-Essentials-Mini-Set-2-270x300.jpg]
[www.bodhispa.com/wp-content/uploads/2022/03/EL-The-Essentials-Mini-Set-4-270x300.jpg]
[www.bodhispa.com/product/the-emma-lewisham-essentials/index.html]
[www.bodhispa.com/wp-json/wp/v2/product/46111.json]
[www.bodhispa.com/product/rejuvenating-face-mist-100ml/index.html]
[www.bodhispa.com/wp-json/oembed/1.0/embed4c4a.json]
[www.bodhispa.com/wp-json/oembed/1.0/embed0d8b]
[www.bodhispa.com/wp-content/uploads/2021/02/New-Sleek-Moisturiser-002.png]
[www.bodhispa.com/wp-content/uploads/2021/02/150ml-lavender-cleanser-200x300.jpg]
[www.bodhispa.com/product/mankind-sleek-moisturiser-50ml/index.html]
[www.bodhispa.com/wp-json/wp/v2/product/46117.json]
[www.bodhispa.com/wp-json/oembed/1.0/embed9418.json]
[www.bodhispa.com/wp-json/oembed/1.0/embeda802]
[www.bodhispa.com/wp-content/uploads/2021/02/Samadara-Jar-Only-1.jpg]
[www.bodhispa.com/product/samadara-ultimate-age-defying-creme-50ml/index.html]
[www.bodhispa.com/wp-json/wp/v2/product/46110.json]
[www.bodhispa.com/wp-json/oembed/1.0/embed4442.json]
[www.bodhispa.com/wp-json/oembed/1.0/embede31e]
[www.bodhispa.com/wp-content/uploads/2021/02/Calming-FN-Moist-100ml-1.jpg]
[www.bodhispa.com/wp-content/uploads/2021/02/Outer-Probiotic-scaled-1-210x300.jpg]
[www.bodhispa.com/product/calming-face-and-neck-moisturiser-100ml/index.html]
[www.bodhispa.com/product/probiotic-skin-refiner-100ml/index.html]
[www.bodhispa.com/wp-json/wp/v2/product/46097.json]
[www.bodhispa.com/wp-json/oembed/1.0/embedcbcf.json]
[www.bodhispa.com/wp-json/oembed/1.0/embed9dea]
[www.bodhispa.com/wp-content/uploads/2021/02/Everyface-Eye-Lift-Gel-50ml.jpg]
[www.bodhispa.com/product/eye-lifting-gel-50ml/index.html]
[www.bodhispa.com/wp-json/wp/v2/product/46098.json]
[www.bodhispa.com/wp-json/oembed/1.0/embed5cd9.json]
[www.bodhispa.com/wp-json/oembed/1.0/embed4675]
[www.bodhispa.com/wp-content/uploads/2021/02/Everyface-EyeLip-Sm2BBBA6.jpg]
[www.bodhispa.com/product/eye-and-lip-smoother-30ml/index.html]
[www.bodhispa.com/wp-json/wp/v2/product/46112.json]
[www.bodhispa.com/wp-json/oembed/1.0/embed611c.json]
[www.bodhispa.com/wp-json/oembed/1.0/embed2fa3]
[www.bodhispa.com/wp-content/uploads/2021/02/Rejuvenate-Serum.jpg]
[www.bodhispa.com/product/rejuvenating-serum-30ml/index.html]
[www.bodhispa.com/wp-json/wp/v2/product/46089.json]
[www.bodhispa.com/wp-json/oembed/1.0/embed90ae.json]
[www.bodhispa.com/wp-json/oembed/1.0/embed9105]
[www.bodhispa.com/wp-content/uploads/2021/02/150ml-sandalwood-cleanser.jpg]
[www.bodhispa.com/product/calm-clay-cleanser-with-sandalwood-150ml/index.html]
[www.bodhispa.com/wp-json/wp/v2/product/46119.json]
[www.bodhispa.com/wp-json/oembed/1.0/embed0b36.json]
[www.bodhispa.com/wp-json/oembed/1.0/embeddcd0]
[www.bodhispa.com/wp-content/uploads/2021/02/Samadara-Ult-Age-Def2D9053.jpg]
[www.bodhispa.com/product/samadara-ultimate-age-defying-elixir-20ml/index.html]
[www.bodhispa.com/wp-json/wp/v2/product/46103.json]
[www.bodhispa.com/wp-json/oembed/1.0/embed3c53.json]
[www.bodhispa.com/wp-json/oembed/1.0/embedd6e4]
[www.bodhispa.com/wp-content/uploads/2021/02/Mankind-Skin-Restore-50ml-1-169x300.jpg]
[www.bodhispa.com/product/mankind-skin-restore-50ml/index.html]
[www.bodhispa.com/wp-json/wp/v2/product/46101.json]
[www.bodhispa.com/wp-json/oembed/1.0/embedfef9.json]
[www.bodhispa.com/wp-json/oembed/1.0/embed569a]
[www.bodhispa.com/wp-content/uploads/2021/02/Balance-Skin-Boost-50ml.jpg]
[www.bodhispa.com/product/balancing-skin-boost-50ml/index.html]
[www.bodhispa.com/wp-json/wp/v2/product/92564.json]
[www.bodhispa.com/wp-json/oembed/1.0/embed1c45.json]
[www.bodhispa.com/wp-json/oembed/1.0/embed6cab]
[www.bodhispa.com/wp-content/uploads/2022/09/PI_SESPF400_1_AU_Sensitive_SPF_400mL_back-300x300.png]
[www.bodhispa.com/wp-content/uploads/2022/09/Sensitive_SPF_InSitu_8_22_@oceanaimee-200x300.jpg]
[www.bodhispa.com/product/sensitive-sunscreen-spf-50-400ml/index.html]
[www.bodhispa.com/wp-json/wp/v2/product/92544]
[www.bodhispa.com/wp-json/wp/v2/pages/46515.json]
[www.bodhispa.com/wp-json/oembed/1.0/embed44ff]
[www.bodhispa.com/wp-json/oembed/1.0/embedd83e.json]
[www.bodhispa.com/gift-voucher-faq/index.html]
[www.bodhispa.com/appointments/indexfe88.html]
[www.bodhispa.com/appointments/indexa962.html]
[www.bodhispa.com/appointments/index1c71.html]
[www.bodhispa.com/wp-content/uploads/2021/06/Qantas_180322_5885-e1623826176993-1004x1024.jpg]
[www.bodhispa.com/wp-json/oembed/1.0/embed87d1]
[www.bodhispa.com/appointments/indexe5f2.html]
[www.bodhispa.com/wp-json/oembed/1.0/embed9e76.json]
[www.bodhispa.com/product/marta-kodo-massage-for-pregnancy/index.html]
[www.bodhispa.com/appointments/indexf4e5.html]
[www.bodhispa.com/appointments/index80e8.html]
[www.bodhispa.com/appointments/indexc60e.html]
[www.bodhispa.com/appointments/index7ec4.html]
[www.bodhispa.com/wp-json/oembed/1.0/embed1a9f]
[www.bodhispa.com/vouchers/facials/indexf586.html]
[www.bodhispa.com/wp-json/oembed/1.0/embed86d1.json]
[www.bodhispa.com/wp-json/oembed/1.0/embedef2b]
[www.bodhispa.com/wp-content/uploads/2021/01/bodhi_116-scaled.jpg]
[www.bodhispa.com/wp-content/uploads/2021/01/bodhi_115-300x200.jpg]
[www.bodhispa.com/wp-content/uploads/2021/01/bodhi_114-scaled-e1618205159546-300x273.jpg]
[www.bodhispa.com/product/bodhi-salt-scrub/index.html]
[www.bodhispa.com/appointments/index6fcc.html]
[www.bodhispa.com/vouchers/facials/index6325.html]
[www.bodhispa.com/wp-json/wp/v2/product/46345.json]
[www.bodhispa.com/wp-json/oembed/1.0/embed98ee.json]
[www.bodhispa.com/wp-json/oembed/1.0/embed0570]
[www.bodhispa.com/wp-content/uploads/2021/01/bodhi_114-scaled-e1618205159546.jpg]
[www.bodhispa.com/wp-content/uploads/2021/01/bodhi_116-300x200.jpg]
[www.bodhispa.com/product/vanilla-bliss-scrub/index.html]
[www.bodhispa.com/appointments/index2b5a.html]
[www.bodhispa.com/wp-json/wp/v2/product/46347.json]
[www.bodhispa.com/wp-json/oembed/1.0/embedb1f7.json]
[www.bodhispa.com/wp-json/oembed/1.0/embed0f7f]
[www.bodhispa.com/wp-content/uploads/2021/01/bodhi_115-scaled.jpg]
[www.bodhispa.com/product/contour-body-wrap/index.html]
[www.bodhispa.com/appointments/index7935.html]
[www.bodhispa.com/appointments/index199b.html]
[www.bodhispa.com/appointments/index88cb.html]
[www.bodhispa.com/appointments/indexeefb.html]
[www.bodhispa.com/appointments/indexc149.html]
[www.bodhispa.com/appointments/index0ed6.html]
[www.bodhispa.com/appointments/index733b.html]
[www.bodhispa.com/appointments/index64c2.html]
[www.bodhispa.com/appointments/index9890.html]
[www.bodhispa.com/appointments/index8754.html]
[www.bodhispa.com/appointments/indexa16f.html]
[www.bodhispa.com/appointments/indexcdae.html]
[www.bodhispa.com/appointments/index4854.html]
[www.bodhispa.com/appointments/index1dc9.html]
[www.bodhispa.com/appointments/indexa587.html]
[www.bodhispa.com/appointments/index5599.html]
[www.bodhispa.com/appointments/index2b1c.html]
[www.bodhispa.com/appointments/index1bf9.html]
[www.bodhispa.com/appointments/index1bed.html]
[www.bodhispa.com/appointments/index562f.html]
[www.bodhispa.com/appointments/index6664.html]
[www.bodhispa.com/appointments/indexb495.html]
[www.bodhispa.com/product-category/treatments/pregnancy-safe/page/2/index.html]
[www.bodhispa.com/appointments/index03b2.html]
[www.bodhispa.com/product-category/treatments/wellness/feed/index.html]
[www.bodhispa.com/wp-content/uploads/2021/02/pexels-janko-ferlic-1692050-880x1024.jpg]
[www.bodhispa.com/wp-json/wp/v2/product/47343.json]
[www.bodhispa.com/wp-json/oembed/1.0/embedfeeb.json]
[www.bodhispa.com/wp-json/oembed/1.0/embed5af7]
[www.bodhispa.com/wp-content/uploads/2021/04/BodhiJ_Westin30-scaled.jpg]
[www.bodhispa.com/product/waxing/index.html]
[www.bodhispa.com/appointments/indexb974.html]
[www.bodhispa.com/wp-json/wp/v2/product/47375.json]
[www.bodhispa.com/wp-json/oembed/1.0/embed36f7]
[www.bodhispa.com/wp-content/uploads/2021/02/BodhiSpas_Injidup_SpaTreatments-Katie-40.jpg]
[www.bodhispa.com/wp-content/uploads/2021/02/Bois-de-rose-post_02_04_21-300x300.jpg]
[www.bodhispa.com/wp-content/uploads/2021/02/Bodhi_Cottesloe_24-200x300.jpg]
[www.bodhispa.com/vouchers/facials/index7c38.html]
[www.bodhispa.com/wp-content/uploads/2021/02/Bodhi_Cottesloe_02-200x300.jpg]
[www.bodhispa.com/wp-content/uploads/2021/04/BodhiJ_Westin30-194x300.jpg]
[www.bodhispa.com/wp-content/uploads/2021/02/17082021-02-300x300.jpg]
[www.bodhispa.com/product/tinting/index.html]
[www.bodhispa.com/appointments/indexb8ca.html]
